Component: ARM Compiler 5.06 update 3 (build 300) Tool: armlink [4d35c9]

==============================================================================

Section Cross References

    main.o(i.GetDeviceInfo) refers to stmflash.o(i.STMFLASH_Read) for STMFLASH_Read
    main.o(i.GetDeviceInfo) refers to main.o(.bss) for .bss
    main.o(i.IAP_Response) refers to hw_config.o(i.usbsendData) for usbsendData
    main.o(i.IAP_Response) refers to main.o(.bss) for .bss
    main.o(i.IAP_Response) refers to protocol.o(.bss) for TransportProtocol_Manager
    main.o(i.MultiByteToStr) refers to main.o(.constdata) for .constdata
    main.o(i.OneByteToStr) refers to main.o(.constdata) for .constdata
    main.o(i.isUpgradeFirmware) refers to stm32f10x_gpio.o(i.GPIO_ReadInputDataBit) for GPIO_ReadInputDataBit
    main.o(i.isUpgradeFirmware) refers to delay.o(i.delay_ms) for delay_ms
    main.o(i.isUpgradeFirmware) refers to iap.o(i.iap_load_app) for iap_load_app
    main.o(i.main) refers to led.o(i.ledInit) for ledInit
    main.o(i.main) refers to key.o(i.keyInit) for keyInit
    main.o(i.main) refers to delay.o(i.delay_init) for delay_init
    main.o(i.main) refers to main.o(i.isUpgradeFirmware) for isUpgradeFirmware
    main.o(i.main) refers to hw_config.o(i.usb_vcp_init) for usb_vcp_init
    main.o(i.main) refers to protocol.o(i.TransportProtocol_Init) for TransportProtocol_Init
    main.o(i.main) refers to main.o(i.OneByteToStr) for OneByteToStr
    main.o(i.main) refers to iap.o(i.iap_write_appbin) for iap_write_appbin
    main.o(i.main) refers to memcpya.o(.text) for __aeabi_memcpy
    main.o(i.main) refers to main.o(i.GetDeviceInfo) for GetDeviceInfo
    main.o(i.main) refers to main.o(i.IAP_Response) for IAP_Response
    main.o(i.main) refers to delay.o(i.delay_ms) for delay_ms
    main.o(i.main) refers to iap.o(i.iap_load_app) for iap_load_app
    main.o(i.main) refers to check.o(i.Checksum_Sum) for Checksum_Sum
    main.o(i.main) refers to hw_config.o(.bss) for uu_rxfifo
    main.o(i.main) refers to main.o(.bss) for .bss
    main.o(i.main) refers to protocol.o(.bss) for TransportProtocol_Manager
    system_stm32f10x.o(i.SystemCoreClockUpdate) refers to system_stm32f10x.o(.data) for .data
    system_stm32f10x.o(i.SystemInit) refers to system_stm32f10x.o(i.SetSysClockTo72) for SetSysClockTo72
    startup_stm32f10x_md.o(RESET) refers to startup_stm32f10x_md.o(STACK) for __initial_sp
    startup_stm32f10x_md.o(RESET) refers to startup_stm32f10x_md.o(.text) for Reset_Handler
    startup_stm32f10x_md.o(RESET) refers to stm32f10x_it.o(i.NMI_Handler) for NMI_Handler
    startup_stm32f10x_md.o(RESET) refers to stm32f10x_it.o(i.HardFault_Handler) for HardFault_Handler
    startup_stm32f10x_md.o(RESET) refers to stm32f10x_it.o(i.MemManage_Handler) for MemManage_Handler
    startup_stm32f10x_md.o(RESET) refers to stm32f10x_it.o(i.BusFault_Handler) for BusFault_Handler
    startup_stm32f10x_md.o(RESET) refers to stm32f10x_it.o(i.UsageFault_Handler) for UsageFault_Handler
    startup_stm32f10x_md.o(RESET) refers to stm32f10x_it.o(i.SVC_Handler) for SVC_Handler
    startup_stm32f10x_md.o(RESET) refers to stm32f10x_it.o(i.DebugMon_Handler) for DebugMon_Handler
    startup_stm32f10x_md.o(RESET) refers to stm32f10x_it.o(i.PendSV_Handler) for PendSV_Handler
    startup_stm32f10x_md.o(RESET) refers to stm32f10x_it.o(i.SysTick_Handler) for SysTick_Handler
    startup_stm32f10x_md.o(RESET) refers to hw_config.o(i.USB_LP_CAN1_RX0_IRQHandler) for USB_LP_CAN1_RX0_IRQHandler
    startup_stm32f10x_md.o(RESET) refers to hw_config.o(i.USBWakeUp_IRQHandler) for USBWakeUp_IRQHandler
    startup_stm32f10x_md.o(.text) refers to system_stm32f10x.o(i.SystemInit) for SystemInit
    startup_stm32f10x_md.o(.text) refers to entry.o(.ARM.Collect$$$$00000000) for __main
    delay.o(i.delay_init) refers to misc.o(i.SysTick_CLKSourceConfig) for SysTick_CLKSourceConfig
    delay.o(i.delay_init) refers to system_stm32f10x.o(.data) for SystemCoreClock
    delay.o(i.delay_init) refers to delay.o(.data) for .data
    delay.o(i.delay_ms) refers to delay.o(.data) for .data
    delay.o(i.delay_us) refers to delay.o(.data) for .data
    led.o(i.ledInit) refers to stm32f10x_rcc.o(i.RCC_APB2PeriphClockCmd) for RCC_APB2PeriphClockCmd
    led.o(i.ledInit) refers to stm32f10x_gpio.o(i.GPIO_PinRemapConfig) for GPIO_PinRemapConfig
    led.o(i.ledInit) refers to stm32f10x_gpio.o(i.GPIO_Init) for GPIO_Init
    led.o(i.ledInit) refers to stm32f10x_gpio.o(i.GPIO_SetBits) for GPIO_SetBits
    key.o(i.keyInit) refers to stm32f10x_rcc.o(i.RCC_APB2PeriphClockCmd) for RCC_APB2PeriphClockCmd
    key.o(i.keyInit) refers to stm32f10x_gpio.o(i.GPIO_Init) for GPIO_Init
    stmflash.o(i.STMFLASH_Write) refers to stm32f10x_flash.o(i.FLASH_Unlock) for FLASH_Unlock
    stmflash.o(i.STMFLASH_Write) refers to stmflash.o(i.STMFLASH_Read) for STMFLASH_Read
    stmflash.o(i.STMFLASH_Write) refers to stm32f10x_flash.o(i.FLASH_ErasePage) for FLASH_ErasePage
[...]
    usb_core.o(i.Post0_Process) refers to usb_init.o(.data) for pInformation
    usb_core.o(i.Post0_Process) refers to usb_int.o(.data) for SaveRState
    usb_core.o(i.SetDeviceAddress) refers to usb_prop.o(.data) for Device_Table
    usb_core.o(i.Setup0_Process) refers to usb_regs.o(i.ByteSwap) for ByteSwap
    usb_core.o(i.Setup0_Process) refers to usb_core.o(i.Data_Setup0) for Data_Setup0
    usb_core.o(i.Setup0_Process) refers to usb_core.o(i.Post0_Process) for Post0_Process
    usb_core.o(i.Setup0_Process) refers to usb_core.o(i.NoData_Setup0) for NoData_Setup0
    usb_core.o(i.Setup0_Process) refers to usb_init.o(.data) for pInformation
    usb_core.o(i.Standard_ClearFeature) refers to usb_regs.o(i.ClearDTOG_TX) for ClearDTOG_TX
    usb_core.o(i.Standard_ClearFeature) refers to usb_regs.o(i.SetEPTxStatus) for SetEPTxStatus
    usb_core.o(i.Standard_ClearFeature) refers to usb_regs.o(i.ClearDTOG_RX) for ClearDTOG_RX
    usb_core.o(i.Standard_ClearFeature) refers to usb_regs.o(i.SetEPRxCount) for SetEPRxCount
    usb_core.o(i.Standard_ClearFeature) refers to usb_init.o(.data) for pInformation
    usb_core.o(i.Standard_ClearFeature) refers to usb_prop.o(.data) for Device_Table
    usb_core.o(i.Standard_ClearFeature) refers to usb_prop.o(.data) for Device_Property
    usb_core.o(i.Standard_GetConfiguration) refers to usb_init.o(.data) for pInformation
    usb_core.o(i.Standard_GetDescriptorData) refers to usb_init.o(.data) for pInformation
    usb_core.o(i.Standard_GetInterface) refers to usb_init.o(.data) for pInformation
    usb_core.o(i.Standard_GetStatus) refers to usb_init.o(.data) for pInformation
    usb_core.o(i.Standard_GetStatus) refers to usb_core.o(.data) for .data
    usb_core.o(i.Standard_SetConfiguration) refers to usb_init.o(.data) for pInformation
    usb_core.o(i.Standard_SetConfiguration) refers to usb_prop.o(.data) for Device_Table
    usb_core.o(i.Standard_SetDeviceFeature) refers to usb_init.o(.data) for pInformation
    usb_core.o(i.Standard_SetEndPointFeature) refers to usb_init.o(.data) for pInformation
    usb_core.o(i.Standard_SetEndPointFeature) refers to usb_prop.o(.data) for Device_Table
    usb_core.o(i.Standard_SetInterface) refers to usb_init.o(.data) for pInformation
    usb_init.o(i.USB_Init) refers to usb_init.o(.bss) for .bss
    usb_init.o(i.USB_Init) refers to usb_init.o(.data) for .data
    usb_init.o(i.USB_Init) refers to usb_prop.o(.data) for Device_Property
    usb_init.o(i.USB_Init) refers to usb_prop.o(.data) for User_Standard_Requests
    usb_int.o(i.CTR_HP) refers to usb_init.o(.data) for EPindex
    usb_int.o(i.CTR_HP) refers to usb_istr.o(.data) for wIstr
    usb_int.o(i.CTR_HP) refers to usb_istr.o(.data) for pEpInt_OUT
    usb_int.o(i.CTR_HP) refers to usb_istr.o(.data) for pEpInt_IN
    usb_int.o(i.CTR_LP) refers to usb_core.o(i.In0_Process) for In0_Process
    usb_int.o(i.CTR_LP) refers to usb_core.o(i.Setup0_Process) for Setup0_Process
    usb_int.o(i.CTR_LP) refers to usb_core.o(i.Out0_Process) for Out0_Process
    usb_int.o(i.CTR_LP) refers to usb_int.o(.data) for .data
    usb_int.o(i.CTR_LP) refers to usb_init.o(.data) for EPindex
    usb_int.o(i.CTR_LP) refers to usb_istr.o(.data) for pEpInt_OUT
    usb_int.o(i.CTR_LP) refers to usb_istr.o(.data) for pEpInt_IN
    usb_int.o(i.CTR_LP) refers to usb_istr.o(.data) for wIstr
    usb_regs.o(i.SetDouBleBuffEPStall) refers to usb_regs.o(i.GetENDPOINT) for GetENDPOINT
    usb_sil.o(i.USB_SIL_Init) refers to usb_init.o(.data) for wInterrupt_Mask
    usb_sil.o(i.USB_SIL_Read) refers to usb_regs.o(i.GetEPRxCount) for GetEPRxCount
    usb_sil.o(i.USB_SIL_Read) refers to usb_regs.o(i.GetEPRxAddr) for GetEPRxAddr
    usb_sil.o(i.USB_SIL_Read) refers to usb_mem.o(i.PMAToUserBufferCopy) for PMAToUserBufferCopy
    usb_sil.o(i.USB_SIL_Write) refers to usb_regs.o(i.GetEPTxAddr) for GetEPTxAddr
    usb_sil.o(i.USB_SIL_Write) refers to usb_mem.o(i.UserToPMABufferCopy) for UserToPMABufferCopy
    usb_sil.o(i.USB_SIL_Write) refers to usb_regs.o(i.SetEPTxCount) for SetEPTxCount
    entry.o(.ARM.Collect$$$$00000000) refers (Special) to entry10a.o(.ARM.Collect$$$$0000000D) for __rt_final_cpp
    entry.o(.ARM.Collect$$$$00000000) refers (Special) to entry11a.o(.ARM.Collect$$$$0000000F) for __rt_final_exit
    entry.o(.ARM.Collect$$$$00000000) refers (Special) to entry7b.o(.ARM.Collect$$$$00000008) for _main_clock
    entry.o(.ARM.Collect$$$$00000000) refers (Special) to entry8b.o(.ARM.Collect$$$$0000000A) for _main_cpp_init
    entry.o(.ARM.Collect$$$$00000000) refers (Special) to entry9a.o(.ARM.Collect$$$$0000000B) for _main_init
    entry.o(.ARM.Collect$$$$00000000) refers (Special) to entry5.o(.ARM.Collect$$$$00000004) for _main_scatterload
    entry.o(.ARM.Collect$$$$00000000) refers (Special) to entry2.o(.ARM.Collect$$$$00000001) for _main_stk
    printfa.o(i.__0fprintf) refers (Special) to iusefp.o(.text) for __I$use$fp
    printfa.o(i.__0fprintf) refers to printfa.o(i._printf_core) for _printf_core
    printfa.o(i.__0fprintf) refers to fputc.o(i.fputc) for fputc
    printfa.o(i.__0printf) refers (Special) to iusefp.o(.text) for __I$use$fp
    printfa.o(i.__0printf) refers to printfa.o(i._printf_core) for _printf_core
    printfa.o(i.__0printf) refers to fputc.o(i.fputc) for fputc
    printfa.o(i.__0printf) refers to stdout.o(.data) for __stdout
    printfa.o(i.__0snprintf) refers (Special) to iusefp.o(.text) for __I$use$fp
    printfa.o(i.__0snprintf) refers to printfa.o(i._printf_core) for _printf_core
    printfa.o(i.__0snprintf) refers to printfa.o(i._snputc) for _snputc
    printfa.o(i.__0sprintf) refers (Special) to iusefp.o(.text) for __I$use$fp
    printfa.o(i.__0sprintf) refers to printfa.o(i._printf_core) for _printf_core
    printfa.o(i.__0sprintf) refers to printfa.o(i._sputc) for _sputc
    printfa.o(i.__0vfprintf) refers (Special) to iusefp.o(.text) for __I$use$fp
    printfa.o(i.__0vfprintf) refers to printfa.o(i._printf_core) for _printf_core
    printfa.o(i.__0vfprintf) refers to fputc.o(i.fputc) for fputc
    printfa.o(i.__0vprintf) refers (Special) to iusefp.o(.text) for __I$use$fp
    printfa.o(i.__0vprintf) refers to printfa.o(i._printf_core) for _printf_core
    printfa.o(i.__0vprintf) refers to fputc.o(i.fputc) for fputc
    printfa.o(i.__0vprintf) refers to stdout.o(.data) for __stdout
    printfa.o(i.__0vsnprintf) refers (Special) to iusefp.o(.text) for __I$use$fp
    printfa.o(i.__0vsnprintf) refers to printfa.o(i._printf_core) for _printf_core
    printfa.o(i.__0vsnprintf) refers to printfa.o(i._snputc) for _snputc
    printfa.o(i.__0vsprintf) refers (Special) to iusefp.o(.text) for __I$use$fp
    printfa.o(i.__0vsprintf) refers to printfa.o(i._printf_core) for _printf_core
    printfa.o(i.__0vsprintf) refers to printfa.o(i._sputc) for _sputc
    printfa.o(i._fp_digits) refers (Special) to iusefp.o(.text) for __I$use$fp
    printfa.o(i._fp_digits) refers to dmul.o(.text) for __aeabi_dmul
    printfa.o(i._fp_digits) refers to ddiv.o(.text) for __aeabi_ddiv
    printfa.o(i._fp_digits) refers to cdrcmple.o(.text) for __aeabi_cdrcmple
    printfa.o(i._fp_digits) refers to dadd.o(.text) for __aeabi_dadd
    printfa.o(i._fp_digits) refers to dfixul.o(.text) for __aeabi_d2ulz
    printfa.o(i._fp_digits) refers to uldiv.o(.text) for __aeabi_uldivmod
    printfa.o(i._printf_core) refers (Special) to iusefp.o(.text) for __I$use$fp
    printfa.o(i._printf_core) refers to printfa.o(i._printf_pre_padding) for _printf_pre_padding
    printfa.o(i._printf_core) refers to uldiv.o(.text) for __aeabi_uldivmod
    printfa.o(i._printf_core) refers to printfa.o(i._printf_post_padding) for _printf_post_padding
    printfa.o(i._printf_core) refers to printfa.o(i._fp_digits) for _fp_digits
    printfa.o(i._printf_core) refers to uidiv.o(.text) for __aeabi_uidivmod
    printfa.o(i._printf_post_padding) refers (Special) to iusefp.o(.text) for __I$use$fp
    printfa.o(i._printf_pre_padding) refers (Special) to iusefp.o(.text) for __I$use$fp
    printfa.o(i._snputc) refers (Special) to iusefp.o(.text) for __I$use$fp
    printfa.o(i._sputc) refers (Special) to iusefp.o(.text) for __I$use$fp
    entry2.o(.ARM.Collect$$$$00000001) refers to entry2.o(.ARM.Collect$$$$00002712) for __lit__00000000
    entry2.o(.ARM.Collect$$$$00002712) refers to startup_stm32f10x_md.o(STACK) for __initial_sp
    entry2.o(__vectab_stack_and_reset_area) refers to startup_stm32f10x_md.o(STACK) for __initial_sp
    entry2.o(__vectab_stack_and_reset_area) refers to entry.o(.ARM.Collect$$$$00000000) for __main
    entry5.o(.ARM.Collect$$$$00000004) refers to init.o(.text) for __scatterload
    entry9a.o(.ARM.Collect$$$$0000000B) refers to main.o(i.main) for main
    entry9b.o(.ARM.Collect$$$$0000000C) refers to main.o(i.main) for main
    fputc.o(i.fputc) refers (Special) to iusesemip.o(.text) for __I$use$semihosting$fputc
    fputc.o(i.fputc) refers (Special) to semi.o(.text) for __semihosting_library_function
    uldiv.o(.text) refers to llushr.o(.text) for __aeabi_llsr
    uldiv.o(.text) refers to llshl.o(.text) for __aeabi_llsl
    dadd.o(.text) refers to llshl.o(.text) for __aeabi_llsl
    dadd.o(.text) refers to llsshr.o(.text) for __aeabi_lasr
    dadd.o(.text) refers to depilogue.o(.text) for _double_epilogue
    dmul.o(.text) refers to depilogue.o(.text) for _double_epilogue
    ddiv.o(.text) refers to depilogue.o(.text) for _double_round
    dfixul.o(.text) refers to llushr.o(.text) for __aeabi_llsr
    dfixul.o(.text) refers to llshl.o(.text) for __aeabi_llsl
    init.o(.text) refers to entry5.o(.ARM.Collect$$$$00000004) for __main_after_scatterload
    depilogue.o(.text) refers to llshl.o(.text) for __aeabi_llsl
    depilogue.o(.text) refers to llushr.o(.text) for __aeabi_llsr


==============================================================================

Removing Unused input sections from the image.

    Removing main.o(i.MultiByteToStr), (56 bytes).
    Removing system_stm32f10x.o(i.SystemCoreClockUpdate), (104 bytes).
    Removing startup_stm32f10x_md.o(HEAP), (512 bytes).
    Removing delay.o(i.delay_us), (52 bytes).
    Removing sys.o(i.INTX_DISABLE), (4 bytes).
    Removing sys.o(i.INTX_ENABLE), (4 bytes).
    Removing sys.o(i.WFI_SET), (4 bytes).
    Removing stmflash.o(i.STMFLASH_ReadHalfWord), (4 bytes).
    Removing stmflash.o(i.Test_Write), (12 bytes).
    Removing misc.o(i.NVIC_PriorityGroupConfig), (20 bytes).
    Removing misc.o(i.NVIC_SetVectorTable), (20 bytes).
    Removing misc.o(i.NVIC_SystemLPConfig), (24 bytes).
    Removing stm32f10x_gpio.o(i.GPIO_AFIODeInit), (22 bytes).
    Removing stm32f10x_gpio.o(i.GPIO_DeInit), (180 bytes).
    Removing stm32f10x_gpio.o(i.GPIO_ETH_MediaInterfaceConfig), (12 bytes).
    Removing stm32f10x_gpio.o(i.GPIO_EXTILineConfig), (40 bytes).
    Removing stm32f10x_gpio.o(i.GPIO_EventOutputCmd), (12 bytes).
    Removing stm32f10x_gpio.o(i.GPIO_EventOutputConfig), (28 bytes).
    Removing stm32f10x_gpio.o(i.GPIO_PinLockConfig), (16 bytes).
    Removing stm32f10x_gpio.o(i.GPIO_ReadInputData), (6 bytes).
    Removing stm32f10x_gpio.o(i.GPIO_ReadOutputData), (6 bytes).
    Removing stm32f10x_gpio.o(i.GPIO_ReadOutputDataBit), (14 bytes).
    Removing stm32f10x_gpio.o(i.GPIO_ResetBits), (4 bytes).
    Removing stm32f10x_gpio.o(i.GPIO_StructInit), (16 bytes).
    Removing stm32f10x_gpio.o(i.GPIO_Write), (4 bytes).
    Removing stm32f10x_gpio.o(i.GPIO_WriteBit), (10 bytes).
    Removing stm32f10x_rcc.o(i.RCC_ADCCLKConfig), (20 bytes).
    Removing stm32f10x_rcc.o(i.RCC_AHBPeriphClockCmd), (24 bytes).
    Removing stm32f10x_rcc.o(i.RCC_APB1PeriphResetCmd), (24 bytes).
    Removing stm32f10x_rcc.o(i.RCC_APB2PeriphResetCmd), (24 bytes).
    Removing stm32f10x_rcc.o(i.RCC_AdjustHSICalibrationValue), (20 bytes).
    Removing stm32f10x_rcc.o(i.RCC_BackupResetCmd), (12 bytes).
    Removing stm32f10x_rcc.o(i.RCC_ClearFlag), (16 bytes).
    Removing stm32f10x_rcc.o(i.RCC_ClearITPendingBit), (12 bytes).
    Removing stm32f10x_rcc.o(i.RCC_ClockSecuritySystemCmd), (12 bytes).
    Removing stm32f10x_rcc.o(i.RCC_DeInit), (64 bytes).
    Removing stm32f10x_rcc.o(i.RCC_GetClocksFreq), (148 bytes).
    Removing stm32f10x_rcc.o(i.RCC_GetFlagStatus), (48 bytes).
    Removing stm32f10x_rcc.o(i.RCC_GetITStatus), (20 bytes).
    Removing stm32f10x_rcc.o(i.RCC_GetSYSCLKSource), (16 bytes).
    Removing stm32f10x_rcc.o(i.RCC_HCLKConfig), (20 bytes).
    Removing stm32f10x_rcc.o(i.RCC_HSEConfig), (52 bytes).
    Removing stm32f10x_rcc.o(i.RCC_HSICmd), (12 bytes).
    Removing stm32f10x_rcc.o(i.RCC_ITConfig), (24 bytes).
    Removing stm32f10x_rcc.o(i.RCC_LSEConfig), (32 bytes).
    Removing stm32f10x_rcc.o(i.RCC_LSICmd), (12 bytes).
    Removing stm32f10x_rcc.o(i.RCC_MCOConfig), (12 bytes).
    Removing stm32f10x_rcc.o(i.RCC_PCLK1Config), (20 bytes).
    Removing stm32f10x_rcc.o(i.RCC_PCLK2Config), (20 bytes).
    Removing stm32f10x_rcc.o(i.RCC_PLLCmd), (12 bytes).
    Removing stm32f10x_rcc.o(i.RCC_PLLConfig), (20 bytes).
    Removing stm32f10x_rcc.o(i.RCC_RTCCLKCmd), (12 bytes).
    Removing stm32f10x_rcc.o(i.RCC_RTCCLKConfig), (16 bytes).
    Removing stm32f10x_rcc.o(i.RCC_SYSCLKConfig), (20 bytes).
    Removing stm32f10x_rcc.o(i.RCC_WaitForHSEStartUp), (44 bytes).
    Removing stm32f10x_rcc.o(.data), (20 bytes).
    Removing stm32f10x_usart.o(i.USART_ClearFlag), (6 bytes).
    Removing stm32f10x_usart.o(i.USART_ClearITPendingBit), (12 bytes).
    Removing stm32f10x_usart.o(i.USART_ClockInit), (30 bytes).
    Removing stm32f10x_usart.o(i.USART_ClockStructInit), (12 bytes).
    Removing stm32f10x_usart.o(i.USART_Cmd), (20 bytes).
    Removing stm32f10x_usart.o(i.USART_DMACmd), (16 bytes).
    Removing stm32f10x_usart.o(i.USART_DeInit), (116 bytes).
    Removing stm32f10x_usart.o(i.USART_GetFlagStatus), (14 bytes).
    Removing stm32f10x_usart.o(i.USART_GetITStatus), (62 bytes).
    Removing stm32f10x_usart.o(i.USART_HalfDuplexCmd), (20 bytes).
    Removing stm32f10x_usart.o(i.USART_ITConfig), (48 bytes).
    Removing stm32f10x_usart.o(i.USART_Init), (172 bytes).
    Removing stm32f10x_usart.o(i.USART_IrDACmd), (20 bytes).
    Removing stm32f10x_usart.o(i.USART_IrDAConfig), (16 bytes).
    Removing stm32f10x_usart.o(i.USART_LINBreakDetectLengthConfig), (16 bytes).
    Removing stm32f10x_usart.o(i.USART_LINCmd), (20 bytes).
    Removing stm32f10x_usart.o(i.USART_OneBitMethodCmd), (20 bytes).
    Removing stm32f10x_usart.o(i.USART_OverSampling8Cmd), (20 bytes).
    Removing stm32f10x_usart.o(i.USART_ReceiveData), (8 bytes).
    Removing stm32f10x_usart.o(i.USART_ReceiverWakeUpCmd), (20 bytes).
    Removing stm32f10x_usart.o(i.USART_SendBreak), (10 bytes).
    Removing stm32f10x_usart.o(i.USART_SendData), (8 bytes).
    Removing stm32f10x_usart.o(i.USART_SetAddress), (16 bytes).
    Removing stm32f10x_usart.o(i.USART_SetGuardTime), (16 bytes).
    Removing stm32f10x_usart.o(i.USART_SetPrescaler), (16 bytes).
    Removing stm32f10x_usart.o(i.USART_SmartCardCmd), (20 bytes).
    Removing stm32f10x_usart.o(i.USART_SmartCardNACKCmd), (20 bytes).
    Removing stm32f10x_usart.o(i.USART_StructInit), (22 bytes).
    Removing stm32f10x_usart.o(i.USART_WakeUpConfig), (16 bytes).
    Removing stm32f10x_exti.o(i.EXTI_ClearFlag), (12 bytes).
    Removing stm32f10x_exti.o(i.EXTI_DeInit), (36 bytes).
    Removing stm32f10x_exti.o(i.EXTI_GenerateSWInterrupt), (16 bytes).
    Removing stm32f10x_exti.o(i.EXTI_GetFlagStatus), (20 bytes).
    Removing stm32f10x_exti.o(i.EXTI_GetITStatus), (32 bytes).
    Removing stm32f10x_exti.o(i.EXTI_StructInit), (14 bytes).
    Removing stm32f10x_flash.o(i.FLASH_ClearFlag), (12 bytes).
    Removing stm32f10x_flash.o(i.FLASH_EnableWriteProtection), (172 bytes).
    Removing stm32f10x_flash.o(i.FLASH_EraseAllBank1Pages), (56 bytes).
    Removing stm32f10x_flash.o(i.FLASH_EraseAllPages), (56 bytes).
    Removing stm32f10x_flash.o(i.FLASH_EraseOptionBytes), (124 bytes).
    Removing stm32f10x_flash.o(i.FLASH_GetFlagStatus), (32 bytes).
    Removing stm32f10x_flash.o(i.FLASH_GetPrefetchBufferStatus), (20 bytes).
    Removing stm32f10x_flash.o(i.FLASH_GetReadOutProtectionStatus), (20 bytes).
    Removing stm32f10x_flash.o(i.FLASH_GetStatus), (40 bytes).
    Removing stm32f10x_flash.o(i.FLASH_GetUserOptionByte), (12 bytes).
    Removing stm32f10x_flash.o(i.FLASH_GetWriteProtectionOptionByte), (12 bytes).
    Removing stm32f10x_flash.o(i.FLASH_HalfCycleAccessCmd), (24 bytes).
    Removing stm32f10x_flash.o(i.FLASH_ITConfig), (24 bytes).
    Removing stm32f10x_flash.o(i.FLASH_LockBank1), (16 bytes).
    Removing stm32f10x_flash.o(i.FLASH_PrefetchBufferCmd), (24 bytes).
    Removing stm32f10x_flash.o(i.FLASH_ProgramOptionByteData), (76 bytes).
    Removing stm32f10x_flash.o(i.FLASH_ProgramWord), (80 bytes).
    Removing stm32f10x_flash.o(i.FLASH_ReadOutProtection), (136 bytes).
    Removing stm32f10x_flash.o(i.FLASH_SetLatency), (20 bytes).
    Removing stm32f10x_flash.o(i.FLASH_UnlockBank1), (24 bytes).
    Removing stm32f10x_flash.o(i.FLASH_UserOptionByteConfig), (96 bytes).
    Removing stm32f10x_flash.o(i.FLASH_WaitForLastBank1Operation), (34 bytes).
    Removing check.o(i.Checksum_CRC16), (56 bytes).
    Removing check.o(i.Checksum_CRC8), (32 bytes).
    Removing check.o(i.Checksum_XOR), (32 bytes).
    Removing check.o(.constdata), (768 bytes).
    Removing hw_config.o(i.usb_printf), (52 bytes).
    Removing usb_pwr.o(i.PowerOff), (32 bytes).
    Removing usb_init.o(.data), (2 bytes).
    Removing usb_int.o(i.CTR_HP), (128 bytes).
    Removing usb_regs.o(i.ClearEPDoubleBuff), (32 bytes).
    Removing usb_regs.o(i.ClearEP_CTR_RX), (28 bytes).
    Removing usb_regs.o(i.ClearEP_CTR_TX), (28 bytes).
    Removing usb_regs.o(i.ClearEP_KIND), (32 bytes).
    Removing usb_regs.o(i.FreeUserBuffer), (52 bytes).
    Removing usb_regs.o(i.GetBTABLE), (12 bytes).
    Removing usb_regs.o(i.GetCNTR), (12 bytes).
    Removing usb_regs.o(i.GetDADDR), (12 bytes).
    Removing usb_regs.o(i.GetENDPOINT), (20 bytes).
    Removing usb_regs.o(i.GetEPAddress), (20 bytes).
    Removing usb_regs.o(i.GetEPDblBuf0Addr), (28 bytes).
    Removing usb_regs.o(i.GetEPDblBuf0Count), (32 bytes).
    Removing usb_regs.o(i.GetEPDblBuf1Addr), (32 bytes).
    Removing usb_regs.o(i.GetEPDblBuf1Count), (32 bytes).
    Removing usb_regs.o(i.GetEPDblBufDir), (60 bytes).
    Removing usb_regs.o(i.GetEPRxStatus), (24 bytes).
    Removing usb_regs.o(i.GetEPTxCount), (32 bytes).
    Removing usb_regs.o(i.GetEPTxStatus), (24 bytes).
    Removing usb_regs.o(i.GetEPType), (24 bytes).
    Removing usb_regs.o(i.GetFNR), (12 bytes).
    Removing usb_regs.o(i.GetISTR), (12 bytes).
    Removing usb_regs.o(i.GetRxStallStatus), (28 bytes).
    Removing usb_regs.o(i.GetTxStallStatus), (28 bytes).
    Removing usb_regs.o(i.SetCNTR), (12 bytes).
    Removing usb_regs.o(i.SetDADDR), (12 bytes).
    Removing usb_regs.o(i.SetDouBleBuffEPStall), (44 bytes).
    Removing usb_regs.o(i.SetENDPOINT), (16 bytes).
    Removing usb_regs.o(i.SetEPAddress), (36 bytes).
    Removing usb_regs.o(i.SetEPCountRxReg), (38 bytes).
    Removing usb_regs.o(i.SetEPDblBuf0Addr), (32 bytes).
    Removing usb_regs.o(i.SetEPDblBuf0Count), (92 bytes).
    Removing usb_regs.o(i.SetEPDblBuf1Addr), (32 bytes).
    Removing usb_regs.o(i.SetEPDblBuf1Count), (92 bytes).
    Removing usb_regs.o(i.SetEPDblBuffAddr), (52 bytes).
    Removing usb_regs.o(i.SetEPDblBuffCount), (164 bytes).
    Removing usb_regs.o(i.SetEPDoubleBuff), (32 bytes).
    Removing usb_regs.o(i.SetEP_KIND), (32 bytes).
    Removing usb_regs.o(i.SetISTR), (12 bytes).
    Removing usb_regs.o(i.Set_Status_Out), (32 bytes).
    Removing usb_regs.o(i.ToWord), (6 bytes).
    Removing usb_regs.o(i.ToggleDTOG_RX), (32 bytes).
    Removing usb_regs.o(i.ToggleDTOG_TX), (32 bytes).
    Removing usb_sil.o(i.USB_SIL_Write), (38 bytes).
    Removing dadd.o(.text), (334 bytes).
    Removing dmul.o(.text), (228 bytes).
    Removing ddiv.o(.text), (222 bytes).
    Removing dfixul.o(.text), (48 bytes).
    Removing cdrcmple.o(.text), (48 bytes).
    Removing depilogue.o(.text), (186 bytes).

170 unused section(s) (total 7668 bytes) removed from the image.

==============================================================================

Image Symbol Table

    Local Symbols

    Symbol Name                              Value     Ov Type        Size  Object(Section)

    ../clib/../cmprslib/zerorunl2.c          0x00000000   Number         0  __dczerorl2.o ABSOLUTE
    ../clib/microlib/division.c              0x00000000   Number         0  uldiv.o ABSOLUTE
    ../clib/microlib/division.c              0x00000000   Number         0  uidiv.o ABSOLUTE
    ../clib/microlib/init/entry.s            0x00000000   Number         0  entry8b.o ABSOLUTE
    ../clib/microlib/init/entry.s            0x00000000   Number         0  entry9a.o ABSOLUTE
    ../clib/microlib/init/entry.s            0x00000000   Number         0  entry11b.o ABSOLUTE
    ../clib/microlib/init/entry.s            0x00000000   Number         0  entry5.o ABSOLUTE
    ../clib/microlib/init/entry.s            0x00000000   Number         0  entry7a.o ABSOLUTE
    ../clib/microlib/init/entry.s            0x00000000   Number         0  entry7b.o ABSOLUTE
    ../clib/microlib/init/entry.s            0x00000000   Number         0  entry8a.o ABSOLUTE
    ../clib/microlib/init/entry.s            0x00000000   Number         0  entry9b.o ABSOLUTE
    ../clib/microlib/init/entry.s            0x00000000   Number         0  entry10a.o ABSOLUTE
    ../clib/microlib/init/entry.s            0x00000000   Number         0  entry10b.o ABSOLUTE
    ../clib/microlib/init/entry.s            0x00000000   Number         0  entry11a.o ABSOLUTE
    ../clib/microlib/init/entry.s            0x00000000   Number         0  entry.o ABSOLUTE
    ../clib/microlib/init/entry.s            0x00000000   Number         0  entry2.o ABSOLUTE
    ../clib/microlib/longlong.c              0x00000000   Number         0  llushr.o ABSOLUTE
    ../clib/microlib/longlong.c              0x00000000   Number         0  llshl.o ABSOLUTE
    ../clib/microlib/longlong.c              0x00000000   Number         0  llsshr.o ABSOLUTE
    ../clib/microlib/printf/printf.c         0x00000000   Number         0  printfa.o ABSOLUTE
    ../clib/microlib/stdio/fputc.c           0x00000000   Number         0  fputc.o ABSOLUTE
    ../clib/microlib/stdio/semi.s            0x00000000   Number         0  semi.o ABSOLUTE
    ../clib/microlib/stdio/streams.c         0x00000000   Number         0  stdout.o ABSOLUTE
    ../clib/microlib/string/memcpy.c         0x00000000   Number         0  memcpya.o ABSOLUTE
    ../clib/microlib/string/memcpy.c         0x00000000   Number         0  memcpyb.o ABSOLUTE
    ../clib/microlib/string/strlen.c         0x00000000   Number         0  strlen.o ABSOLUTE
    ../clib/microlib/stubs.s                 0x00000000   Number         0  iusefp.o ABSOLUTE
    ../clib/microlib/stubs.s                 0x00000000   Number         0  iusesemip.o ABSOLUTE
    ../fplib/microlib/fpadd.c                0x00000000   Number         0  dadd.o ABSOLUTE
    ../fplib/microlib/fpdiv.c                0x00000000   Number         0  ddiv.o ABSOLUTE
    ../fplib/microlib/fpepilogue.c           0x00000000   Number         0  depilogue.o ABSOLUTE
    ../fplib/microlib/fpfix.c                0x00000000   Number         0  dfixul.o ABSOLUTE
    ../fplib/microlib/fpmul.c                0x00000000   Number         0  dmul.o ABSOLUTE
    ..\CORE\startup_stm32f10x_md.s           0x00000000   Number         0  startup_stm32f10x_md.o ABSOLUTE
    ..\HARDWARE\KEY\key.c                    0x00000000   Number         0  key.o ABSOLUTE
    ..\HARDWARE\LED\led.c                    0x00000000   Number         0  led.o ABSOLUTE
    ..\HARDWARE\STMFLASH\stmflash.c          0x00000000   Number         0  stmflash.o ABSOLUTE
    ..\IAP\iap.c                             0x00000000   Number         0  iap.o ABSOLUTE
    ..\PROTOCOL\check.c                      0x00000000   Number         0  check.o ABSOLUTE
    ..\PROTOCOL\protocol.c                   0x00000000   Number         0  protocol.o ABSOLUTE
    ..\STM32F10x_FWLib\src\misc.c            0x00000000   Number         0  misc.o ABSOLUTE
    ..\STM32F10x_FWLib\src\stm32f10x_exti.c  0x00000000   Number         0  stm32f10x_exti.o ABSOLUTE
    ..\STM32F10x_FWLib\src\stm32f10x_flash.c 0x00000000   Number         0  stm32f10x_flash.o ABSOLUTE
    ..\STM32F10x_FWLib\src\stm32f10x_gpio.c  0x00000000   Number         0  stm32f10x_gpio.o ABSOLUTE
    ..\STM32F10x_FWLib\src\stm32f10x_rcc.c   0x00000000   Number         0  stm32f10x_rcc.o ABSOLUTE
    ..\STM32F10x_FWLib\src\stm32f10x_usart.c 0x00000000   Number         0  stm32f10x_usart.o ABSOLUTE
    ..\SYSTEM\delay\delay.c                  0x00000000   Number         0  delay.o ABSOLUTE
    ..\SYSTEM\sys\sys.c                      0x00000000   Number         0  sys.o ABSOLUTE
    ..\USB\CONFIG\hw_config.c                0x00000000   Number         0  hw_config.o ABSOLUTE
    ..\USB\CONFIG\usb_desc.c                 0x00000000   Number         0  usb_desc.o ABSOLUTE
    ..\USB\CONFIG\usb_endp.c                 0x00000000   Number         0  usb_endp.o ABSOLUTE
    ..\USB\CONFIG\usb_istr.c                 0x00000000   Number         0  usb_istr.o ABSOLUTE
    ..\USB\CONFIG\usb_prop.c                 0x00000000   Number         0  usb_prop.o ABSOLUTE
    ..\USB\CONFIG\usb_pwr.c                  0x00000000   Number         0  usb_pwr.o ABSOLUTE
    ..\USB\STM32_USB-FS-Device_Driver\src\usb_core.c 0x00000000   Number         0  usb_core.o ABSOLUTE
    ..\USB\STM32_USB-FS-Device_Driver\src\usb_init.c 0x00000000   Number         0  usb_init.o ABSOLUTE
    ..\USB\STM32_USB-FS-Device_Driver\src\usb_int.c 0x00000000   Number         0  usb_int.o ABSOLUTE
    ..\USB\STM32_USB-FS-Device_Driver\src\usb_mem.c 0x00000000   Number         0  usb_mem.o ABSOLUTE
    ..\USB\STM32_USB-FS-Device_Driver\src\usb_regs.c 0x00000000   Number         0  usb_regs.o ABSOLUTE
    ..\USB\STM32_USB-FS-Device_Driver\src\usb_sil.c 0x00000000   Number         0  usb_sil.o ABSOLUTE
    ..\\SYSTEM\\sys\\sys.c                   0x00000000   Number         0  sys.o ABSOLUTE
    cdrcmple.s                               0x00000000   Number         0  cdrcmple.o ABSOLUTE
    dc.s                                     0x00000000   Number         0  dc.o ABSOLUTE
    handlers.s                               0x00000000   Number         0  handlers.o ABSOLUTE
    init.s                                   0x00000000   Number         0  init.o ABSOLUTE
    main.c                                   0x00000000   Number         0  main.o ABSOLUTE
    stm32f10x_it.c                           0x00000000   Number         0  stm32f10x_it.o ABSOLUTE
    system_stm32f10x.c                       0x00000000   Number         0  system_stm32f10x.o ABSOLUTE
    RESET                                    0x08000000   Section      236  startup_stm32f10x_md.o(RESET)
    .ARM.Collect$$$$00000000                 0x080000ec   Section        0  entry.o(.ARM.Collect$$$$00000000)
    .ARM.Collect$$$$00000001                 0x080000ec   Section        4  entry2.o(.ARM.Collect$$$$00000001)
    .ARM.Collect$$$$00000004                 0x080000f0   Section        4  entry5.o(.ARM.Collect$$$$00000004)
    .ARM.Collect$$$$00000008                 0x080000f4   Section        0  entry7b.o(.ARM.Collect$$$$00000008)
    .ARM.Collect$$$$0000000A                 0x080000f4   Section        0  entry8b.o(.ARM.Collect$$$$0000000A)
    .ARM.Collect$$$$0000000B                 0x080000f4   Section        8  entry9a.o(.ARM.Collect$$$$0000000B)
    .ARM.Collect$$$$0000000D                 0x080000fc   Section        0  entry10a.o(.ARM.Collect$$$$0000000D)
    .ARM.Collect$$$$0000000F                 0x080000fc   Section        0  entry11a.o(.ARM.Collect$$$$0000000F)
    .ARM.Collect$$$$00002712                 0x080000fc   Section        4  entry2.o(.ARM.Collect$$$$00002712)
    __lit__00000000                          0x080000fc   Data           4  entry2.o(.ARM.Collect$$$$00002712)
    .emb_text                                0x08000100   Section        6  sys.o(.emb_text)
    .text                                    0x08000108   Section       36  startup_stm32f10x_md.o(.text)
    .text                                    0x0800012c   Section        0  memcpya.o(.text)
    .text                                    0x08000150   Section       36  init.o(.text)
    .text                                    0x08000174   Section        0  __dczerorl2.o(.text)
    i.BusFault_Handler                       0x080001ca   Section        0  stm32f10x_it.o(i.BusFault_Handler)
    i.ByteSwap                               0x080001cc   Section        0  usb_regs.o(i.ByteSwap)
    i.CTR_LP                                 0x080001d8   Section        0  usb_int.o(i.CTR_LP)
    i.Checksum_Sum                           0x08000330   Section        0  check.o(i.Checksum_Sum)
    i.ClearDTOG_RX                           0x08000348   Section        0  usb_regs.o(i.ClearDTOG_RX)
    i.ClearDTOG_TX                           0x08000370   Section        0  usb_regs.o(i.ClearDTOG_TX)
    i.Clear_Status_Out                       0x08000398   Section        0  usb_regs.o(i.Clear_Status_Out)
    i.DataStageIn                            0x080003b8   Section        0  usb_core.o(i.DataStageIn)
    DataStageIn                              0x080003b9   Thumb Code   156  usb_core.o(i.DataStageIn)
    i.DataStageOut                           0x0800046c   Section        0  usb_core.o(i.DataStageOut)
    DataStageOut                             0x0800046d   Thumb Code   142  usb_core.o(i.DataStageOut)
    i.Data_Setup0                            0x08000510   Section        0  usb_core.o(i.Data_Setup0)
    Data_Setup0                              0x08000511   Thumb Code   376  usb_core.o(i.Data_Setup0)
    i.DebugMon_Handler                       0x080006ac   Section        0  stm32f10x_it.o(i.DebugMon_Handler)
    i.EP1_IN_Callback                        0x080006b0   Section        0  usb_endp.o(i.EP1_IN_Callback)
    i.EP3_OUT_Callback                       0x08000728   Section        0  usb_endp.o(i.EP3_OUT_Callback)
    i.EXTI_ClearITPendingBit                 0x08000748   Section        0  stm32f10x_exti.o(i.EXTI_ClearITPendingBit)
    i.EXTI_Init                              0x08000754   Section        0  stm32f10x_exti.o(i.EXTI_Init)
    i.Enter_LowPowerMode                     0x080007c4   Section        0  hw_config.o(i.Enter_LowPowerMode)
    i.FLASH_ErasePage                        0x080007d0   Section        0  stm32f10x_flash.o(i.FLASH_ErasePage)
    i.FLASH_GetBank1Status                   0x0800080c   Section        0  stm32f10x_flash.o(i.FLASH_GetBank1Status)
    i.FLASH_Lock                             0x08000834   Section        0  stm32f10x_flash.o(i.FLASH_Lock)
    i.FLASH_ProgramHalfWord                  0x08000844   Section        0  stm32f10x_flash.o(i.FLASH_ProgramHalfWord)
    i.FLASH_Unlock                           0x08000878   Section        0  stm32f10x_flash.o(i.FLASH_Unlock)
    i.FLASH_WaitForLastOperation             0x08000890   Section        0  stm32f10x_flash.o(i.FLASH_WaitForLastOperation)
    i.GPIO_Init                              0x080008b2   Section        0  stm32f10x_gpio.o(i.GPIO_Init)
    i.GPIO_PinRemapConfig                    0x08000950   Section        0  stm32f10x_gpio.o(i.GPIO_PinRemapConfig)
    i.GPIO_ReadInputDataBit                  0x080009a8   Section        0  stm32f10x_gpio.o(i.GPIO_ReadInputDataBit)
    i.GPIO_SetBits                           0x080009b6   Section        0  stm32f10x_gpio.o(i.GPIO_SetBits)
    i.GetDeviceInfo                          0x080009bc   Section        0  main.o(i.GetDeviceInfo)
    i.GetEPRxAddr                            0x080009f8   Section        0  usb_regs.o(i.GetEPRxAddr)
    i.GetEPRxCount                           0x08000a18   Section        0  usb_regs.o(i.GetEPRxCount)
    i.GetEPTxAddr                            0x08000a38   Section        0  usb_regs.o(i.GetEPTxAddr)
    i.Get_SerialNum                          0x08000a54   Section        0  hw_config.o(i.Get_SerialNum)
    i.HardFault_Handler                      0x08000a88   Section        0  stm32f10x_it.o(i.HardFault_Handler)
    i.IAP_Response                           0x08000a8c   Section        0  main.o(i.IAP_Response)
    i.In0_Process                            0x08000ab0   Section        0  usb_core.o(i.In0_Process)
    i.IntToUnicode                           0x08000b0c   Section        0  hw_config.o(i.IntToUnicode)
    i.Leave_LowPowerMode                     0x08000b44   Section        0  hw_config.o(i.Leave_LowPowerMode)
    i.MemManage_Handler                      0x08000b60   Section        0  stm32f10x_it.o(i.MemManage_Handler)
    i.NMI_Handler                            0x08000b62   Section        0  stm32f10x_it.o(i.NMI_Handler)
    i.NOP_Process                            0x08000b64   Section        0  usb_core.o(i.NOP_Process)
    i.NVIC_Init                              0x08000b68   Section        0  misc.o(i.NVIC_Init)
    i.NoData_Setup0                          0x08000bcc   Section        0  usb_core.o(i.NoData_Setup0)
    NoData_Setup0                            0x08000bcd   Thumb Code   190  usb_core.o(i.NoData_Setup0)
    i.OneByteToStr                           0x08000ca0   Section        0  main.o(i.OneByteToStr)
    i.Out0_Process                           0x08000cbc   Section        0  usb_core.o(i.Out0_Process)
    i.PMAToUserBufferCopy                    0x08000d04   Section        0  usb_mem.o(i.PMAToUserBufferCopy)
    i.PendSV_Handler                         0x08000d24   Section        0  stm32f10x_it.o(i.PendSV_Handler)
    i.Post0_Process                          0x08000d28   Section        0  usb_core.o(i.Post0_Process)
    i.PowerOn                                0x08000d6c   Section        0  usb_pwr.o(i.PowerOn)
    i.RCC_APB1PeriphClockCmd                 0x08000d98   Section        0  stm32f10x_rcc.o(i.RCC_APB1PeriphClockCmd)
    i.RCC_APB2PeriphClockCmd                 0x08000db0   Section        0  stm32f10x_rcc.o(i.RCC_APB2PeriphClockCmd)
    i.RCC_USBCLKConfig                       0x08000dc8   Section        0  stm32f10x_rcc.o(i.RCC_USBCLKConfig)
    i.Resume                                 0x08000dd4   Section        0  usb_pwr.o(i.Resume)
    i.Resume_Init                            0x08000e68   Section        0  usb_pwr.o(i.Resume_Init)
    i.SOF_Callback                           0x08000e88   Section        0  usb_endp.o(i.SOF_Callback)
    i.STMFLASH_Read                          0x08000eb0   Section        0  stmflash.o(i.STMFLASH_Read)
    i.STMFLASH_Write                         0x08000ec8   Section        0  stmflash.o(i.STMFLASH_Write)
    i.STMFLASH_Write_NoCheck                 0x08000f88   Section        0  stmflash.o(i.STMFLASH_Write_NoCheck)
    i.SVC_Handler                            0x08000fae   Section        0  stm32f10x_it.o(i.SVC_Handler)
    i.SetBTABLE                              0x08000fb0   Section        0  usb_regs.o(i.SetBTABLE)
    i.SetDeviceAddress                       0x08000fc0   Section        0  usb_core.o(i.SetDeviceAddress)
    i.SetEPRxAddr                            0x08001008   Section        0  usb_regs.o(i.SetEPRxAddr)
    i.SetEPRxCount                           0x08001028   Section        0  usb_regs.o(i.SetEPRxCount)
    i.SetEPRxStatus                          0x08001068   Section        0  usb_regs.o(i.SetEPRxStatus)
    i.SetEPRxValid                           0x08001098   Section        0  usb_regs.o(i.SetEPRxValid)
    i.SetEPTxAddr                            0x080010bc   Section        0  usb_regs.o(i.SetEPTxAddr)
    i.SetEPTxCount                           0x080010dc   Section        0  usb_regs.o(i.SetEPTxCount)
    i.SetEPTxStatus                          0x080010f8   Section        0  usb_regs.o(i.SetEPTxStatus)
    i.SetEPTxValid                           0x08001128   Section        0  usb_regs.o(i.SetEPTxValid)
    i.SetEPType                              0x0800114c   Section        0  usb_regs.o(i.SetEPType)
    i.SetSysClockTo72                        0x08001168   Section        0  system_stm32f10x.o(i.SetSysClockTo72)
    SetSysClockTo72                          0x08001169   Thumb Code   160  system_stm32f10x.o(i.SetSysClockTo72)
    i.Set_USBClock                           0x08001210   Section        0  hw_config.o(i.Set_USBClock)
    i.Setup0_Process                         0x08001224   Section        0  usb_core.o(i.Setup0_Process)
    i.Standard_ClearFeature                  0x0800128c   Section        0  usb_core.o(i.Standard_ClearFeature)
    i.Standard_GetConfiguration              0x08001388   Section        0  usb_core.o(i.Standard_GetConfiguration)
    i.Standard_GetDescriptorData             0x080013b0   Section        0  usb_core.o(i.Standard_GetDescriptorData)
    i.Standard_GetInterface                  0x080013cc   Section        0  usb_core.o(i.Standard_GetInterface)
    i.Standard_GetStatus                     0x080013f4   Section        0  usb_core.o(i.Standard_GetStatus)
    i.Standard_SetConfiguration              0x08001488   Section        0  usb_core.o(i.Standard_SetConfiguration)
    i.Standard_SetDeviceFeature              0x080014c0   Section        0  usb_core.o(i.Standard_SetDeviceFeature)
    i.Standard_SetEndPointFeature            0x080014e4   Section        0  usb_core.o(i.Standard_SetEndPointFeature)
    i.Standard_SetInterface                  0x0800156c   Section        0  usb_core.o(i.Standard_SetInterface)
    i.Suspend                                0x080015b4   Section        0  usb_pwr.o(i.Suspend)
    i.SysTick_CLKSourceConfig                0x08001634   Section        0  misc.o(i.SysTick_CLKSourceConfig)
    i.SysTick_Handler                        0x0800164c   Section        0  stm32f10x_it.o(i.SysTick_Handler)
    i.SystemInit                             0x08001650   Section        0  system_stm32f10x.o(i.SystemInit)
    i.TransportProtocol_Init                 0x080016a0   Section        0  protocol.o(i.TransportProtocol_Init)
    i.TransportProtocol_Packed               0x080016c0   Section        0  protocol.o(i.TransportProtocol_Packed)
    TransportProtocol_Packed                 0x080016c1   Thumb Code   102  protocol.o(i.TransportProtocol_Packed)
    i.TransportProtocol_Unpacked             0x0800172c   Section        0  protocol.o(i.TransportProtocol_Unpacked)
    TransportProtocol_Unpacked               0x0800172d   Thumb Code   132  protocol.o(i.TransportProtocol_Unpacked)
    i.USART_Config                           0x080017b4   Section        0  hw_config.o(i.USART_Config)
    i.USBWakeUp_IRQHandler                   0x080017d4   Section        0  hw_config.o(i.USBWakeUp_IRQHandler)
    i.USB_Cable_Config                       0x080017dc   Section        0  hw_config.o(i.USB_Cable_Config)
    i.USB_Init                               0x080017e0   Section        0  usb_init.o(i.USB_Init)
    i.USB_Interrupts_Config                  0x08001808   Section        0  hw_config.o(i.USB_Interrupts_Config)
    i.USB_Istr                               0x08001854   Section        0  usb_istr.o(i.USB_Istr)
    i.USB_LP_CAN1_RX0_IRQHandler             0x080019a0   Section        0  hw_config.o(i.USB_LP_CAN1_RX0_IRQHandler)
    i.USB_Port_Set                           0x080019a4   Section        0  hw_config.o(i.USB_Port_Set)
    i.USB_SIL_Init                           0x080019f0   Section        0  usb_sil.o(i.USB_SIL_Init)
    i.USB_SIL_Read                           0x08001a10   Section        0  usb_sil.o(i.USB_SIL_Read)
    i.USB_To_USART_Send_Data                 0x08001a34   Section        0  hw_config.o(i.USB_To_USART_Send_Data)
    i.USB_USART_SendData                     0x08001a7c   Section        0  hw_config.o(i.USB_USART_SendData)
    i.UsageFault_Handler                     0x08001aa4   Section        0  stm32f10x_it.o(i.UsageFault_Handler)
    i.UserToPMABufferCopy                    0x08001aa8   Section        0  usb_mem.o(i.UserToPMABufferCopy)
    i.Virtual_Com_Port_Data_Setup            0x08001ad0   Section        0  usb_prop.o(i.Virtual_Com_Port_Data_Setup)
    i.Virtual_Com_Port_GetConfigDescriptor   0x08001b24   Section        0  usb_prop.o(i.Virtual_Com_Port_GetConfigDescriptor)
    i.Virtual_Com_Port_GetDeviceDescriptor   0x08001b30   Section        0  usb_prop.o(i.Virtual_Com_Port_GetDeviceDescriptor)
    i.Virtual_Com_Port_GetLineCoding         0x08001b3c   Section        0  usb_prop.o(i.Virtual_Com_Port_GetLineCoding)
    i.Virtual_Com_Port_GetStringDescriptor   0x08001b58   Section        0  usb_prop.o(i.Virtual_Com_Port_GetStringDescriptor)
    i.Virtual_Com_Port_Get_Interface_Setting 0x08001b78   Section        0  usb_prop.o(i.Virtual_Com_Port_Get_Interface_Setting)
    i.Virtual_Com_Port_NoData_Setup          0x08001b88   Section        0  usb_prop.o(i.Virtual_Com_Port_NoData_Setup)
    i.Virtual_Com_Port_Reset                 0x08001bac   Section        0  usb_prop.o(i.Virtual_Com_Port_Reset)
    i.Virtual_Com_Port_SetConfiguration      0x08001c8c   Section        0  usb_prop.o(i.Virtual_Com_Port_SetConfiguration)
    i.Virtual_Com_Port_SetDeviceAddress      0x08001ca4   Section        0  usb_prop.o(i.Virtual_Com_Port_SetDeviceAddress)
    i.Virtual_Com_Port_SetLineCoding         0x08001cb0   Section        0  usb_prop.o(i.Virtual_Com_Port_SetLineCoding)
    i.Virtual_Com_Port_Status_In             0x08001ccc   Section        0  usb_prop.o(i.Virtual_Com_Port_Status_In)
    i.Virtual_Com_Port_Status_Out            0x08001ce4   Section        0  usb_prop.o(i.Virtual_Com_Port_Status_Out)
    i.Virtual_Com_Port_init                  0x08001ce8   Section        0  usb_prop.o(i.Virtual_Com_Port_init)
    i.__scatterload_copy                     0x08001d0c   Section       14  handlers.o(i.__scatterload_copy)
    i.__scatterload_null                     0x08001d1a   Section        2  handlers.o(i.__scatterload_null)
    i.__scatterload_zeroinit                 0x08001d1c   Section       14  handlers.o(i.__scatterload_zeroinit)
    i.delay_init                             0x08001d2c   Section        0  delay.o(i.delay_init)
    i.delay_ms                               0x08001d68   Section        0  delay.o(i.delay_ms)
    i.iap_load_app                           0x08001d9c   Section        0  iap.o(i.iap_load_app)
    i.iap_write_appbin                       0x08001de0   Section        0  iap.o(i.iap_write_appbin)
    i.isUpgradeFirmware                      0x08001e40   Section        0  main.o(i.isUpgradeFirmware)
    i.keyInit                                0x08001e84   Section        0  key.o(i.keyInit)
    i.ledInit                                0x08001ed4   Section        0  led.o(i.ledInit)
    i.main                                   0x08001f24   Section        0  main.o(i.main)
    i.usb_vcp_init                           0x08002064   Section        0  hw_config.o(i.usb_vcp_init)
    i.usbsendData                            0x08002088   Section        0  hw_config.o(i.usbsendData)
    .constdata                               0x080020a2   Section       16  main.o(.constdata)
    .constdata                               0x080020b2   Section       18  usb_desc.o(.constdata)
    .constdata                               0x080020c4   Section       67  usb_desc.o(.constdata)
    .constdata                               0x08002107   Section        4  usb_desc.o(.constdata)
    .constdata                               0x0800210b   Section       38  usb_desc.o(.constdata)
    .constdata                               0x08002131   Section       50  usb_desc.o(.constdata)
    .data                                    0x20000000   Section       20  system_stm32f10x.o(.data)
    .data                                    0x20000014   Section        4  delay.o(.data)
    fac_us                                   0x20000014   Data           1  delay.o(.data)
    fac_ms                                   0x20000016   Data           2  delay.o(.data)
    .data                                    0x20000018   Section        4  iap.o(.data)
    .data                                    0x2000001c   Section       26  usb_desc.o(.data)
    .data                                    0x20000038   Section        4  usb_endp.o(.data)
    FrameCount                               0x20000038   Data           4  usb_endp.o(.data)
    .data                                    0x2000003c   Section       12  usb_istr.o(.data)
    .data                                    0x20000048   Section       28  usb_istr.o(.data)
    .data                                    0x20000064   Section       28  usb_istr.o(.data)
    .data                                    0x20000080   Section      108  usb_prop.o(.data)
    .data                                    0x200000ec   Section        2  usb_prop.o(.data)
    .data                                    0x200000f0   Section       36  usb_prop.o(.data)
    .data                                    0x20000114   Section        4  usb_pwr.o(.data)
    .data                                    0x20000118   Section        1  usb_pwr.o(.data)
    .data                                    0x2000011c   Section        8  usb_pwr.o(.data)
    .data                                    0x20000124   Section        4  usb_core.o(.data)
    .data                                    0x20000128   Section        1  usb_init.o(.data)
    .data                                    0x2000012c   Section       12  usb_init.o(.data)
    .data                                    0x20000138   Section        2  usb_init.o(.data)
    .data                                    0x2000013a   Section        4  usb_int.o(.data)
    .bss                                     0x20000140   Section     2084  main.o(.bss)
    .bss                                     0x20000964   Section     1024  stmflash.o(.bss)
    .bss                                     0x20000d64   Section     2048  iap.o(.bss)
    .bss                                     0x20001564   Section       28  protocol.o(.bss)
    .bss                                     0x20001580   Section     4168  hw_config.o(.bss)
    .bss                                     0x200025c8   Section       64  usb_endp.o(.bss)
    .bss                                     0x20002608   Section       32  usb_pwr.o(.bss)
    .bss                                     0x20002628   Section       28  usb_init.o(.bss)
    STACK                                    0x20002648   Section     1024  startup_stm32f10x_md.o(STACK)

    Global Symbols

    Symbol Name                              Value     Ov Type        Size  Object(Section)

    BuildAttributes$$THM_ISAv4$P$D$K$B$S$PE$A:L22UL41UL21$X:L11$S22US41US21$IEEE1$IW$USESV6$~STKCKD$USESV7$~SHL$OSPACE$ROPI$EBA8$MICROLIB$REQ8$PRES8$EABIv2 0x00000000   Number         0  anon$$obj.o ABSOLUTE
    __ARM_use_no_argv                        0x00000000   Number         0  main.o ABSOLUTE
    __cpp_initialize__aeabi_                  - Undefined Weak Reference
    __cxa_finalize                            - Undefined Weak Reference
    _clock_init                               - Undefined Weak Reference
    _microlib_exit                            - Undefined Weak Reference
    __Vectors_Size                           0x000000ec   Number         0  startup_stm32f10x_md.o ABSOLUTE
    __Vectors                                0x08000000   Data           4  startup_stm32f10x_md.o(RESET)
    __Vectors_End                            0x080000ec   Data           0  startup_stm32f10x_md.o(RESET)
    __main                                   0x080000ed   Thumb Code     0  entry.o(.ARM.Collect$$$$00000000)
    _main_stk                                0x080000ed   Thumb Code     0  entry2.o(.ARM.Collect$$$$00000001)
    _main_scatterload                        0x080000f1   Thumb Code     0  entry5.o(.ARM.Collect$$$$00000004)
    __main_after_scatterload                 0x080000f5   Thumb Code     0  entry5.o(.ARM.Collect$$$$00000004)
    _main_clock                              0x080000f5   Thumb Code     0  entry7b.o(.ARM.Collect$$$$00000008)
    _main_cpp_init                           0x080000f5   Thumb Code     0  entry8b.o(.ARM.Collect$$$$0000000A)
    _main_init                               0x080000f5   Thumb Code     0  entry9a.o(.ARM.Collect$$$$0000000B)
    __rt_final_cpp                           0x080000fd   Thumb Code     0  entry10a.o(.ARM.Collect$$$$0000000D)
    __rt_final_exit                          0x080000fd   Thumb Code     0  entry11a.o(.ARM.Collect$$$$0000000F)
    MSR_MSP                                  0x08000101   Thumb Code     6  sys.o(.emb_text)
    Reset_Handler                            0x08000109   Thumb Code     8  startup_stm32f10x_md.o(.text)
    ADC1_2_IRQHandler                        0x08000123   Thumb Code     0  startup_stm32f10x_md.o(.text)
    CAN1_RX1_IRQHandler                      0x08000123   Thumb Code     0  startup_stm32f10x_md.o(.text)
    CAN1_SCE_IRQHandler                      0x08000123   Thumb Code     0  startup_stm32f10x_md.o(.text)
    DMA1_Channel1_IRQHandler                 0x08000123   Thumb Code     0  startup_stm32f10x_md.o(.text)
    DMA1_Channel2_IRQHandler                 0x08000123   Thumb Code     0  startup_stm32f10x_md.o(.text)
    DMA1_Channel3_IRQHandler                 0x08000123   Thumb Code     0  startup_stm32f10x_md.o(.text)
    DMA1_Channel4_IRQHandler                 0x08000123   Thumb Code     0  startup_stm32f10x_md.o(.text)
    DMA1_Channel5_IRQHandler                 0x08000123   Thumb Code     0  startup_stm32f10x_md.o(.text)
    DMA1_Channel6_IRQHandler                 0x08000123   Thumb Code     0  startup_stm32f10x_md.o(.text)
    DMA1_Channel7_IRQHandler                 0x08000123   Thumb Code     0  startup_stm32f10x_md.o(.text)
    EXTI0_IRQHandler                         0x08000123   Thumb Code     0  startup_stm32f10x_md.o(.text)
    EXTI15_10_IRQHandler                     0x08000123   Thumb Code     0  startup_stm32f10x_md.o(.text)
    EXTI1_IRQHandler                         0x08000123   Thumb Code     0  startup_stm32f10x_md.o(.text)
    EXTI2_IRQHandler                         0x08000123   Thumb Code     0  startup_stm32f10x_md.o(.text)
    EXTI3_IRQHandler                         0x08000123   Thumb Code     0  startup_stm32f10x_md.o(.text)
    EXTI4_IRQHandler                         0x08000123   Thumb Code     0  startup_stm32f10x_md.o(.text)
    EXTI9_5_IRQHandler                       0x08000123   Thumb Code     0  startup_stm32f10x_md.o(.text)
    FLASH_IRQHandler                         0x08000123   Thumb Code     0  startup_stm32f10x_md.o(.text)
    I2C1_ER_IRQHandler                       0x08000123   Thumb Code     0  startup_stm32f10x_md.o(.text)
    I2C1_EV_IRQHandler                       0x08000123   Thumb Code     0  startup_stm32f10x_md.o(.text)
    I2C2_ER_IRQHandler                       0x08000123   Thumb Code     0  startup_stm32f10x_md.o(.text)
    I2C2_EV_IRQHandler                       0x08000123   Thumb Code     0  startup_stm32f10x_md.o(.text)
    PVD_IRQHandler                           0x08000123   Thumb Code     0  startup_stm32f10x_md.o(.text)
    RCC_IRQHandler                           0x08000123   Thumb Code     0  startup_stm32f10x_md.o(.text)
    RTCAlarm_IRQHandler                      0x08000123   Thumb Code     0  startup_stm32f10x_md.o(.text)
    RTC_IRQHandler                           0x08000123   Thumb Code     0  startup_stm32f10x_md.o(.text)
    SPI1_IRQHandler                          0x08000123   Thumb Code     0  startup_stm32f10x_md.o(.text)
    SPI2_IRQHandler                          0x08000123   Thumb Code     0  startup_stm32f10x_md.o(.text)
    TAMPER_IRQHandler                        0x08000123   Thumb Code     0  startup_stm32f10x_md.o(.text)
    TIM1_BRK_IRQHandler                      0x08000123   Thumb Code     0  startup_stm32f10x_md.o(.text)
    TIM1_CC_IRQHandler                       0x08000123   Thumb Code     0  startup_stm32f10x_md.o(.text)
    TIM1_TRG_COM_IRQHandler                  0x08000123   Thumb Code     0  startup_stm32f10x_md.o(.text)
    TIM1_UP_IRQHandler                       0x08000123   Thumb Code     0  startup_stm32f10x_md.o(.text)
    TIM2_IRQHandler                          0x08000123   Thumb Code     0  startup_stm32f10x_md.o(.text)
    TIM3_IRQHandler                          0x08000123   Thumb Code     0  startup_stm32f10x_md.o(.text)
    TIM4_IRQHandler                          0x08000123   Thumb Code     0  startup_stm32f10x_md.o(.text)
    USART1_IRQHandler                        0x08000123   Thumb Code     0  startup_stm32f10x_md.o(.text)
    USART2_IRQHandler                        0x08000123   Thumb Code     0  startup_stm32f10x_md.o(.text)
    USART3_IRQHandler                        0x08000123   Thumb Code     0  startup_stm32f10x_md.o(.text)
    USB_HP_CAN1_TX_IRQHandler                0x08000123   Thumb Code     0  startup_stm32f10x_md.o(.text)
    WWDG_IRQHandler                          0x08000123   Thumb Code     0  startup_stm32f10x_md.o(.text)
    __aeabi_memcpy                           0x0800012d   Thumb Code    36  memcpya.o(.text)
    __aeabi_memcpy4                          0x0800012d   Thumb Code     0  memcpya.o(.text)
    __aeabi_memcpy8                          0x0800012d   Thumb Code     0  memcpya.o(.text)
    __scatterload                            0x08000151   Thumb Code    28  init.o(.text)
    __scatterload_rt2                        0x08000151   Thumb Code     0  init.o(.text)
    __decompress                             0x08000175   Thumb Code     0  __dczerorl2.o(.text)
    __decompress1                            0x08000175   Thumb Code    86  __dczerorl2.o(.text)
    BusFault_Handler                         0x080001cb   Thumb Code     2  stm32f10x_it.o(i.BusFault_Handler)
    ByteSwap                                 0x080001cd   Thumb Code    10  usb_regs.o(i.ByteSwap)
    CTR_LP                                   0x080001d9   Thumb Code   314  usb_int.o(i.CTR_LP)
    Checksum_Sum                             0x08000331   Thumb Code    24  check.o(i.Checksum_Sum)
    ClearDTOG_RX                             0x08000349   Thumb Code    36  usb_regs.o(i.ClearDTOG_RX)
    ClearDTOG_TX                             0x08000371   Thumb Code    36  usb_regs.o(i.ClearDTOG_TX)
    Clear_Status_Out                         0x08000399   Thumb Code    28  usb_regs.o(i.Clear_Status_Out)
    DebugMon_Handler                         0x080006ad   Thumb Code     2  stm32f10x_it.o(i.DebugMon_Handler)
    EP1_IN_Callback                          0x080006b1   Thumb Code   116  usb_endp.o(i.EP1_IN_Callback)
    EP3_OUT_Callback                         0x08000729   Thumb Code    28  usb_endp.o(i.EP3_OUT_Callback)
    EXTI_ClearITPendingBit                   0x08000749   Thumb Code     6  stm32f10x_exti.o(i.EXTI_ClearITPendingBit)
    EXTI_Init                                0x08000755   Thumb Code   108  stm32f10x_exti.o(i.EXTI_Init)
    Enter_LowPowerMode                       0x080007c5   Thumb Code     8  hw_config.o(i.Enter_LowPowerMode)
    FLASH_ErasePage                          0x080007d1   Thumb Code    56  stm32f10x_flash.o(i.FLASH_ErasePage)
    FLASH_GetBank1Status                     0x0800080d   Thumb Code    34  stm32f10x_flash.o(i.FLASH_GetBank1Status)
    FLASH_Lock                               0x08000835   Thumb Code    12  stm32f10x_flash.o(i.FLASH_Lock)
    FLASH_ProgramHalfWord                    0x08000845   Thumb Code    48  stm32f10x_flash.o(i.FLASH_ProgramHalfWord)
    FLASH_Unlock                             0x08000879   Thumb Code    12  stm32f10x_flash.o(i.FLASH_Unlock)
    FLASH_WaitForLastOperation               0x08000891   Thumb Code    34  stm32f10x_flash.o(i.FLASH_WaitForLastOperation)
    GPIO_Init                                0x080008b3   Thumb Code   156  stm32f10x_gpio.o(i.GPIO_Init)
    GPIO_PinRemapConfig                      0x08000951   Thumb Code    82  stm32f10x_gpio.o(i.GPIO_PinRemapConfig)
    GPIO_ReadInputDataBit                    0x080009a9   Thumb Code    14  stm32f10x_gpio.o(i.GPIO_ReadInputDataBit)
    GPIO_SetBits                             0x080009b7   Thumb Code     4  stm32f10x_gpio.o(i.GPIO_SetBits)
    GetDeviceInfo                            0x080009bd   Thumb Code    48  main.o(i.GetDeviceInfo)
    GetEPRxAddr                              0x080009f9   Thumb Code    22  usb_regs.o(i.GetEPRxAddr)
    GetEPRxCount                             0x08000a19   Thumb Code    24  usb_regs.o(i.GetEPRxCount)
    GetEPTxAddr                              0x08000a39   Thumb Code    20  usb_regs.o(i.GetEPTxAddr)
    Get_SerialNum                            0x08000a55   Thumb Code    44  hw_config.o(i.Get_SerialNum)
    HardFault_Handler                        0x08000a89   Thumb Code     2  stm32f10x_it.o(i.HardFault_Handler)
    IAP_Response                             0x08000a8d   Thumb Code    26  main.o(i.IAP_Response)
    In0_Process                              0x08000ab1   Thumb Code    80  usb_core.o(i.In0_Process)
    IntToUnicode                             0x08000b0d   Thumb Code    54  hw_config.o(i.IntToUnicode)
    Leave_LowPowerMode                       0x08000b45   Thumb Code    18  hw_config.o(i.Leave_LowPowerMode)
    MemManage_Handler                        0x08000b61   Thumb Code     2  stm32f10x_it.o(i.MemManage_Handler)
    NMI_Handler                              0x08000b63   Thumb Code     2  stm32f10x_it.o(i.NMI_Handler)
    NOP_Process                              0x08000b65   Thumb Code     2  usb_core.o(i.NOP_Process)
    NVIC_Init                                0x08000b69   Thumb Code    94  misc.o(i.NVIC_Init)
    OneByteToStr                             0x08000ca1   Thumb Code    24  main.o(i.OneByteToStr)
    Out0_Process                             0x08000cbd   Thumb Code    62  usb_core.o(i.Out0_Process)
    PMAToUserBufferCopy                      0x08000d05   Thumb Code    26  usb_mem.o(i.PMAToUserBufferCopy)
    PendSV_Handler                           0x08000d25   Thumb Code     2  stm32f10x_it.o(i.PendSV_Handler)
    Post0_Process                            0x08000d29   Thumb Code    52  usb_core.o(i.Post0_Process)
    PowerOn                                  0x08000d6d   Thumb Code    36  usb_pwr.o(i.PowerOn)
    RCC_APB1PeriphClockCmd                   0x08000d99   Thumb Code    18  stm32f10x_rcc.o(i.RCC_APB1PeriphClockCmd)
    RCC_APB2PeriphClockCmd                   0x08000db1   Thumb Code    18  stm32f10x_rcc.o(i.RCC_APB2PeriphClockCmd)
    RCC_USBCLKConfig                         0x08000dc9   Thumb Code     8  stm32f10x_rcc.o(i.RCC_USBCLKConfig)
    Resume                                   0x08000dd5   Thumb Code   140  usb_pwr.o(i.Resume)
    Resume_Init                              0x08000e69   Thumb Code    26  usb_pwr.o(i.Resume_Init)
    SOF_Callback                             0x08000e89   Thumb Code    30  usb_endp.o(i.SOF_Callback)
    STMFLASH_Read                            0x08000eb1   Thumb Code    24  stmflash.o(i.STMFLASH_Read)
    STMFLASH_Write                           0x08000ec9   Thumb Code   188  stmflash.o(i.STMFLASH_Write)
    STMFLASH_Write_NoCheck                   0x08000f89   Thumb Code    38  stmflash.o(i.STMFLASH_Write_NoCheck)
    SVC_Handler                              0x08000faf   Thumb Code     2  stm32f10x_it.o(i.SVC_Handler)
    SetBTABLE                                0x08000fb1   Thumb Code    10  usb_regs.o(i.SetBTABLE)
    SetDeviceAddress                         0x08000fc1   Thumb Code    58  usb_core.o(i.SetDeviceAddress)
    SetEPRxAddr                              0x08001009   Thumb Code    24  usb_regs.o(i.SetEPRxAddr)
    SetEPRxCount                             0x08001029   Thumb Code    54  usb_regs.o(i.SetEPRxCount)
    SetEPRxStatus                            0x08001069   Thumb Code    44  usb_regs.o(i.SetEPRxStatus)
    SetEPRxValid                             0x08001099   Thumb Code    32  usb_regs.o(i.SetEPRxValid)
    SetEPTxAddr                              0x080010bd   Thumb Code    22  usb_regs.o(i.SetEPTxAddr)
    SetEPTxCount                             0x080010dd   Thumb Code    20  usb_regs.o(i.SetEPTxCount)
    SetEPTxStatus                            0x080010f9   Thumb Code    44  usb_regs.o(i.SetEPTxStatus)
    SetEPTxValid                             0x08001129   Thumb Code    32  usb_regs.o(i.SetEPTxValid)
    SetEPType                                0x0800114d   Thumb Code    24  usb_regs.o(i.SetEPType)
    Set_USBClock                             0x08001211   Thumb Code    20  hw_config.o(i.Set_USBClock)
    Setup0_Process                           0x08001225   Thumb Code    92  usb_core.o(i.Setup0_Process)
    Standard_ClearFeature                    0x0800128d   Thumb Code   232  usb_core.o(i.Standard_ClearFeature)
    Standard_GetConfiguration                0x08001389   Thumb Code    30  usb_core.o(i.Standard_GetConfiguration)
    Standard_GetDescriptorData               0x080013b1   Thumb Code    24  usb_core.o(i.Standard_GetDescriptorData)
    Standard_GetInterface                    0x080013cd   Thumb Code    30  usb_core.o(i.Standard_GetInterface)
    Standard_GetStatus                       0x080013f5   Thumb Code   130  usb_core.o(i.Standard_GetStatus)
    Standard_SetConfiguration                0x08001489   Thumb Code    42  usb_core.o(i.Standard_SetConfiguration)
    Standard_SetDeviceFeature                0x080014c1   Thumb Code    26  usb_core.o(i.Standard_SetDeviceFeature)
    Standard_SetEndPointFeature              0x080014e5   Thumb Code   118  usb_core.o(i.Standard_SetEndPointFeature)
    Standard_SetInterface                    0x0800156d   Thumb Code    60  usb_core.o(i.Standard_SetInterface)
    Suspend                                  0x080015b5   Thumb Code   114  usb_pwr.o(i.Suspend)
    SysTick_CLKSourceConfig                  0x08001635   Thumb Code    24  misc.o(i.SysTick_CLKSourceConfig)
    SysTick_Handler                          0x0800164d   Thumb Code     2  stm32f10x_it.o(i.SysTick_Handler)
    SystemInit                               0x08001651   Thumb Code    64  system_stm32f10x.o(i.SystemInit)
    TransportProtocol_Init                   0x080016a1   Thumb Code    18  protocol.o(i.TransportProtocol_Init)
    USART_Config                             0x080017b5   Thumb Code    28  hw_config.o(i.USART_Config)
    USBWakeUp_IRQHandler                     0x080017d5   Thumb Code     8  hw_config.o(i.USBWakeUp_IRQHandler)
    USB_Cable_Config                         0x080017dd   Thumb Code     2  hw_config.o(i.USB_Cable_Config)
    USB_Init                                 0x080017e1   Thumb Code    22  usb_init.o(i.USB_Init)
    USB_Interrupts_Config                    0x08001809   Thumb Code    76  hw_config.o(i.USB_Interrupts_Config)
    USB_Istr                                 0x08001855   Thumb Code   308  usb_istr.o(i.USB_Istr)
    USB_LP_CAN1_RX0_IRQHandler               0x080019a1   Thumb Code     4  hw_config.o(i.USB_LP_CAN1_RX0_IRQHandler)
    USB_Port_Set                             0x080019a5   Thumb Code    64  hw_config.o(i.USB_Port_Set)
    USB_SIL_Init                             0x080019f1   Thumb Code    24  usb_sil.o(i.USB_SIL_Init)
    USB_SIL_Read                             0x08001a11   Thumb Code    36  usb_sil.o(i.USB_SIL_Read)
    USB_To_USART_Send_Data                   0x08001a35   Thumb Code    68  hw_config.o(i.USB_To_USART_Send_Data)
    USB_USART_SendData                       0x08001a7d   Thumb Code    36  hw_config.o(i.USB_USART_SendData)
    UsageFault_Handler                       0x08001aa5   Thumb Code     2  stm32f10x_it.o(i.UsageFault_Handler)
    UserToPMABufferCopy                      0x08001aa9   Thumb Code    36  usb_mem.o(i.UserToPMABufferCopy)
    Virtual_Com_Port_Data_Setup              0x08001ad1   Thumb Code    68  usb_prop.o(i.Virtual_Com_Port_Data_Setup)
    Virtual_Com_Port_GetConfigDescriptor     0x08001b25   Thumb Code     6  usb_prop.o(i.Virtual_Com_Port_GetConfigDescriptor)
    Virtual_Com_Port_GetDeviceDescriptor     0x08001b31   Thumb Code     6  usb_prop.o(i.Virtual_Com_Port_GetDeviceDescriptor)
    Virtual_Com_Port_GetLineCoding           0x08001b3d   Thumb Code    18  usb_prop.o(i.Virtual_Com_Port_GetLineCoding)
    Virtual_Com_Port_GetStringDescriptor     0x08001b59   Thumb Code    24  usb_prop.o(i.Virtual_Com_Port_GetStringDescriptor)
    Virtual_Com_Port_Get_Interface_Setting   0x08001b79   Thumb Code    14  usb_prop.o(i.Virtual_Com_Port_Get_Interface_Setting)
    Virtual_Com_Port_NoData_Setup            0x08001b89   Thumb Code    30  usb_prop.o(i.Virtual_Com_Port_NoData_Setup)
    Virtual_Com_Port_Reset                   0x08001bad   Thumb Code   208  usb_prop.o(i.Virtual_Com_Port_Reset)
    Virtual_Com_Port_SetConfiguration        0x08001c8d   Thumb Code    16  usb_prop.o(i.Virtual_Com_Port_SetConfiguration)
    Virtual_Com_Port_SetDeviceAddress        0x08001ca5   Thumb Code     8  usb_prop.o(i.Virtual_Com_Port_SetDeviceAddress)
    Virtual_Com_Port_SetLineCoding           0x08001cb1   Thumb Code    18  usb_prop.o(i.Virtual_Com_Port_SetLineCoding)
    Virtual_Com_Port_Status_In               0x08001ccd   Thumb Code    20  usb_prop.o(i.Virtual_Com_Port_Status_In)
    Virtual_Com_Port_Status_Out              0x08001ce5   Thumb Code     2  usb_prop.o(i.Virtual_Com_Port_Status_Out)
    Virtual_Com_Port_init                    0x08001ce9   Thumb Code    28  usb_prop.o(i.Virtual_Com_Port_init)
    __scatterload_copy                       0x08001d0d   Thumb Code    14  handlers.o(i.__scatterload_copy)
    __scatterload_null                       0x08001d1b   Thumb Code     2  handlers.o(i.__scatterload_null)
    __scatterload_zeroinit                   0x08001d1d   Thumb Code    14  handlers.o(i.__scatterload_zeroinit)
    delay_init                               0x08001d2d   Thumb Code    46  delay.o(i.delay_init)
    delay_ms                                 0x08001d69   Thumb Code    46  delay.o(i.delay_ms)
    iap_load_app                             0x08001d9d   Thumb Code    60  iap.o(i.iap_load_app)
    iap_write_appbin                         0x08001de1   Thumb Code    92  iap.o(i.iap_write_appbin)
    isUpgradeFirmware                        0x08001e41   Thumb Code    54  main.o(i.isUpgradeFirmware)
    keyInit                                  0x08001e85   Thumb Code    66  key.o(i.keyInit)
    ledInit                                  0x08001ed5   Thumb Code    72  led.o(i.ledInit)
    main                                     0x08001f25   Thumb Code   290  main.o(i.main)
    usb_vcp_init                             0x08002065   Thumb Code    36  hw_config.o(i.usb_vcp_init)
    usbsendData                              0x08002089   Thumb Code    26  hw_config.o(i.usbsendData)
    HexTable                                 0x080020a2   Data          16  main.o(.constdata)
    Virtual_Com_Port_DeviceDescriptor        0x080020b2   Data          18  usb_desc.o(.constdata)
    Virtual_Com_Port_ConfigDescriptor        0x080020c4   Data          67  usb_desc.o(.constdata)
    Virtual_Com_Port_StringLangID            0x08002107   Data           4  usb_desc.o(.constdata)
    Virtual_Com_Port_StringVendor            0x0800210b   Data          38  usb_desc.o(.constdata)
    Virtual_Com_Port_StringProduct           0x08002131   Data          50  usb_desc.o(.constdata)
    Region$$Table$$Base                      0x08002164   Number         0  anon$$obj.o(Region$$Table)
    Region$$Table$$Limit                     0x08002184   Number         0  anon$$obj.o(Region$$Table)
    SystemCoreClock                          0x20000000   Data           4  system_stm32f10x.o(.data)
    AHBPrescTable                            0x20000004   Data          16  system_stm32f10x.o(.data)
    jump2app                                 0x20000018   Data           4  iap.o(.data)
    Virtual_Com_Port_StringSerial            0x2000001c   Data          26  usb_desc.o(.data)
    bIntPackSOF                              0x2000003c   Data           1  usb_istr.o(.data)
    wIstr                                    0x2000003e   Data           2  usb_istr.o(.data)
    esof_counter                             0x20000040   Data           4  usb_istr.o(.data)
    wCNTR                                    0x20000044   Data           4  usb_istr.o(.data)
    pEpInt_IN                                0x20000048   Data          28  usb_istr.o(.data)
    pEpInt_OUT                               0x20000064   Data          28  usb_istr.o(.data)
    Request                                  0x20000080   Data           1  usb_prop.o(.data)
    linecoding                               0x20000084   Data           8  usb_prop.o(.data)
    Device_Descriptor                        0x2000008c   Data           8  usb_prop.o(.data)
    Config_Descriptor                        0x20000094   Data           8  usb_prop.o(.data)
    Device_Property                          0x2000009c   Data          48  usb_prop.o(.data)
    String_Descriptor                        0x200000cc   Data          32  usb_prop.o(.data)
    Device_Table                             0x200000ec   Data           2  usb_prop.o(.data)
    User_Standard_Requests                   0x200000f0   Data          36  usb_prop.o(.data)
    bDeviceState                             0x20000114   Data           4  usb_pwr.o(.data)
    fSuspendEnabled                          0x20000118   Data           1  usb_pwr.o(.data)
    ResumeS                                  0x2000011c   Data           2  usb_pwr.o(.data)
    remotewakeupon                           0x20000120   Data           4  usb_pwr.o(.data)
    Data_Mul_MaxPacketSize                   0x20000124   Data           1  usb_core.o(.data)
    StatusInfo                               0x20000126   Data           2  usb_core.o(.data)
    EPindex                                  0x20000128   Data           1  usb_init.o(.data)
    pInformation                             0x2000012c   Data           4  usb_init.o(.data)
    pProperty                                0x20000130   Data           4  usb_init.o(.data)
    pUser_Standard_Requests                  0x20000134   Data           4  usb_init.o(.data)
    wInterrupt_Mask                          0x20000138   Data           2  usb_init.o(.data)
    SaveRState                               0x2000013a   Data           2  usb_int.o(.data)
    SaveTState                               0x2000013c   Data           2  usb_int.o(.data)
    DeviceInfoBuffer                         0x20000140   Data          13  main.o(.bss)
    RecieveBuf                               0x2000014d   Data          10  main.o(.bss)
    ipap_buf                                 0x20000157   Data        2048  main.o(.bss)
    TransportProtocol                        0x20000958   Data          12  main.o(.bss)
    STMFLASH_BUF                             0x20000964   Data        1024  stmflash.o(.bss)
    iapbuf                                   0x20000d64   Data        2048  iap.o(.bss)
    TransportProtocol_Manager                0x20001564   Data          28  protocol.o(.bss)
    uu_txfifo                                0x20001580   Data        2052  hw_config.o(.bss)
    uu_rxfifo                                0x20001d84   Data        2052  hw_config.o(.bss)
    USART_PRINTF_Buffer                      0x20002588   Data          64  hw_config.o(.bss)
    USB_Rx_Buffer                            0x200025c8   Data          64  usb_endp.o(.bss)
    EP                                       0x20002608   Data          32  usb_pwr.o(.bss)
    Device_Info                              0x20002628   Data          28  usb_init.o(.bss)
    __initial_sp                             0x20002a48   Data           0  startup_stm32f10x_md.o(STACK)



==============================================================================

Memory Map of the image

  Image Entry point : 0x080000ed

  Load Region LR_IROM1 (Base: 0x08000000, Size: 0x000022c4, Max: 0x00002400, ABSOLUTE, COMPRESSED[0x0000220c])

    Execution Region ER_IROM1 (Base: 0x08000000, Size: 0x00002184, Max: 0x00002400, ABSOLUTE)

    Base Addr    Size         Type   Attr      Idx    E Section Name        Object

    0x08000000   0x000000ec   Data   RO          299    RESET               startup_stm32f10x_md.o
    0x080000ec   0x00000000   Code   RO         2220  * .ARM.Collect$$$$00000000  mc_w.l(entry.o)
    0x080000ec   0x00000004   Code   RO         2257    .ARM.Collect$$$$00000001  mc_w.l(entry2.o)
    0x080000f0   0x00000004   Code   RO         2260    .ARM.Collect$$$$00000004  mc_w.l(entry5.o)
    0x080000f4   0x00000000   Code   RO         2262    .ARM.Collect$$$$00000008  mc_w.l(entry7b.o)
    0x080000f4   0x00000000   Code   RO         2264    .ARM.Collect$$$$0000000A  mc_w.l(entry8b.o)
    0x080000f4   0x00000008   Code   RO         2265    .ARM.Collect$$$$0000000B  mc_w.l(entry9a.o)
    0x080000fc   0x00000000   Code   RO         2267    .ARM.Collect$$$$0000000D  mc_w.l(entry10a.o)
    0x080000fc   0x00000000   Code   RO         2269    .ARM.Collect$$$$0000000F  mc_w.l(entry11a.o)
    0x080000fc   0x00000004   Code   RO         2258    .ARM.Collect$$$$00002712  mc_w.l(entry2.o)
    0x08000100   0x00000006   Code   RO          331    .emb_text           sys.o
    0x08000106   0x00000002   PAD
    0x08000108   0x00000024   Code   RO          300    .text               startup_stm32f10x_md.o
    0x0800012c   0x00000024   Code   RO         2223    .text               mc_w.l(memcpya.o)
    0x08000150   0x00000024   Code   RO         2289    .text               mc_w.l(init.o)
    0x08000174   0x00000056   Code   RO         2309    .text               mc_w.l(__dczerorl2.o)
    0x080001ca   0x00000002   Code   RO          179    i.BusFault_Handler  stm32f10x_it.o
    0x080001cc   0x0000000a   Code   RO         1836    i.ByteSwap          usb_regs.o
    0x080001d6   0x00000002   PAD
    0x080001d8   0x00000158   Code   RO         1789    i.CTR_LP            usb_int.o
    0x08000330   0x00000018   Code   RO         1208    i.Checksum_Sum      check.o
    0x08000348   0x00000028   Code   RO         1837    i.ClearDTOG_RX      usb_regs.o
    0x08000370   0x00000028   Code   RO         1838    i.ClearDTOG_TX      usb_regs.o
    0x08000398   0x00000020   Code   RO         1843    i.Clear_Status_Out  usb_regs.o
    0x080003b8   0x000000b4   Code   RO         1643    i.DataStageIn       usb_core.o
    0x0800046c   0x000000a4   Code   RO         1644    i.DataStageOut      usb_core.o
    0x08000510   0x0000019c   Code   RO         1645    i.Data_Setup0       usb_core.o
    0x080006ac   0x00000002   Code   RO          180    i.DebugMon_Handler  stm32f10x_it.o
    0x080006ae   0x00000002   PAD
    0x080006b0   0x00000078   Code   RO         1447    i.EP1_IN_Callback   usb_endp.o
    0x08000728   0x00000020   Code   RO         1448    i.EP3_OUT_Callback  usb_endp.o
    0x08000748   0x0000000c   Code   RO          959    i.EXTI_ClearITPendingBit  stm32f10x_exti.o
    0x08000754   0x00000070   Code   RO          964    i.EXTI_Init         stm32f10x_exti.o
    0x080007c4   0x0000000c   Code   RO         1267    i.Enter_LowPowerMode  hw_config.o
    0x080007d0   0x0000003c   Code   RO         1017    i.FLASH_ErasePage   stm32f10x_flash.o
    0x0800080c   0x00000028   Code   RO         1018    i.FLASH_GetBank1Status  stm32f10x_flash.o
    0x08000834   0x00000010   Code   RO         1027    i.FLASH_Lock        stm32f10x_flash.o
    0x08000844   0x00000034   Code   RO         1030    i.FLASH_ProgramHalfWord  stm32f10x_flash.o
    0x08000878   0x00000018   Code   RO         1035    i.FLASH_Unlock      stm32f10x_flash.o
    0x08000890   0x00000022   Code   RO         1039    i.FLASH_WaitForLastOperation  stm32f10x_flash.o
    0x080008b2   0x0000009c   Code   RO          470    i.GPIO_Init         stm32f10x_gpio.o
    0x0800094e   0x00000002   PAD
    0x08000950   0x00000058   Code   RO          472    i.GPIO_PinRemapConfig  stm32f10x_gpio.o
    0x080009a8   0x0000000e   Code   RO          474    i.GPIO_ReadInputDataBit  stm32f10x_gpio.o
    0x080009b6   0x00000004   Code   RO          478    i.GPIO_SetBits      stm32f10x_gpio.o
    0x080009ba   0x00000002   PAD
    0x080009bc   0x0000003c   Code   RO            1    i.GetDeviceInfo     main.o
    0x080009f8   0x00000020   Code   RO         1855    i.GetEPRxAddr       usb_regs.o
    0x08000a18   0x00000020   Code   RO         1856    i.GetEPRxCount      usb_regs.o
    0x08000a38   0x0000001c   Code   RO         1858    i.GetEPTxAddr       usb_regs.o
    0x08000a54   0x00000034   Code   RO         1268    i.Get_SerialNum     hw_config.o
    0x08000a88   0x00000002   Code   RO          181    i.HardFault_Handler  stm32f10x_it.o
    0x08000a8a   0x00000002   PAD
    0x08000a8c   0x00000024   Code   RO            2    i.IAP_Response      main.o
    0x08000ab0   0x0000005c   Code   RO         1646    i.In0_Process       usb_core.o
    0x08000b0c   0x00000036   Code   RO         1269    i.IntToUnicode      hw_config.o
    0x08000b42   0x00000002   PAD
    0x08000b44   0x0000001c   Code   RO         1270    i.Leave_LowPowerMode  hw_config.o
    0x08000b60   0x00000002   Code   RO          182    i.MemManage_Handler  stm32f10x_it.o
    0x08000b62   0x00000002   Code   RO          183    i.NMI_Handler       stm32f10x_it.o
    0x08000b64   0x00000002   Code   RO         1647    i.NOP_Process       usb_core.o
    0x08000b66   0x00000002   PAD
    0x08000b68   0x00000064   Code   RO          428    i.NVIC_Init         misc.o
    0x08000bcc   0x000000d4   Code   RO         1648    i.NoData_Setup0     usb_core.o
    0x08000ca0   0x0000001c   Code   RO            4    i.OneByteToStr      main.o
    0x08000cbc   0x00000048   Code   RO         1649    i.Out0_Process      usb_core.o
    0x08000d04   0x00000020   Code   RO         1818    i.PMAToUserBufferCopy  usb_mem.o
    0x08000d24   0x00000002   Code   RO          184    i.PendSV_Handler    stm32f10x_it.o
    0x08000d26   0x00000002   PAD
    0x08000d28   0x00000044   Code   RO         1650    i.Post0_Process     usb_core.o
    0x08000d6c   0x0000002c   Code   RO         1599    i.PowerOn           usb_pwr.o
    0x08000d98   0x00000018   Code   RO          580    i.RCC_APB1PeriphClockCmd  stm32f10x_rcc.o
    0x08000db0   0x00000018   Code   RO          582    i.RCC_APB2PeriphClockCmd  stm32f10x_rcc.o
    0x08000dc8   0x0000000c   Code   RO          608    i.RCC_USBCLKConfig  stm32f10x_rcc.o
    0x08000dd4   0x00000094   Code   RO         1600    i.Resume            usb_pwr.o
    0x08000e68   0x00000020   Code   RO         1601    i.Resume_Init       usb_pwr.o
    0x08000e88   0x00000028   Code   RO         1449    i.SOF_Callback      usb_endp.o
    0x08000eb0   0x00000018   Code   RO          383    i.STMFLASH_Read     stmflash.o
    0x08000ec8   0x000000c0   Code   RO          385    i.STMFLASH_Write    stmflash.o
    0x08000f88   0x00000026   Code   RO          386    i.STMFLASH_Write_NoCheck  stmflash.o
    0x08000fae   0x00000002   Code   RO          185    i.SVC_Handler       stm32f10x_it.o
    0x08000fb0   0x00000010   Code   RO         1866    i.SetBTABLE         usb_regs.o
    0x08000fc0   0x00000048   Code   RO         1651    i.SetDeviceAddress  usb_core.o
    0x08001008   0x00000020   Code   RO         1880    i.SetEPRxAddr       usb_regs.o
    0x08001028   0x00000040   Code   RO         1881    i.SetEPRxCount      usb_regs.o
    0x08001068   0x00000030   Code   RO         1882    i.SetEPRxStatus     usb_regs.o
    0x08001098   0x00000024   Code   RO         1883    i.SetEPRxValid      usb_regs.o
    0x080010bc   0x00000020   Code   RO         1884    i.SetEPTxAddr       usb_regs.o
    0x080010dc   0x0000001c   Code   RO         1885    i.SetEPTxCount      usb_regs.o
    0x080010f8   0x00000030   Code   RO         1886    i.SetEPTxStatus     usb_regs.o
    0x08001128   0x00000024   Code   RO         1887    i.SetEPTxValid      usb_regs.o
    0x0800114c   0x0000001c   Code   RO         1888    i.SetEPType         usb_regs.o
    0x08001168   0x000000a8   Code   RO          268    i.SetSysClockTo72   system_stm32f10x.o
    0x08001210   0x00000014   Code   RO         1271    i.Set_USBClock      hw_config.o
    0x08001224   0x00000068   Code   RO         1652    i.Setup0_Process    usb_core.o
    0x0800128c   0x000000fc   Code   RO         1653    i.Standard_ClearFeature  usb_core.o
    0x08001388   0x00000028   Code   RO         1654    i.Standard_GetConfiguration  usb_core.o
    0x080013b0   0x0000001c   Code   RO         1655    i.Standard_GetDescriptorData  usb_core.o
    0x080013cc   0x00000028   Code   RO         1656    i.Standard_GetInterface  usb_core.o
    0x080013f4   0x00000094   Code   RO         1657    i.Standard_GetStatus  usb_core.o
    0x08001488   0x00000038   Code   RO         1658    i.Standard_SetConfiguration  usb_core.o
    0x080014c0   0x00000024   Code   RO         1659    i.Standard_SetDeviceFeature  usb_core.o
    0x080014e4   0x00000088   Code   RO         1660    i.Standard_SetEndPointFeature  usb_core.o
    0x0800156c   0x00000048   Code   RO         1661    i.Standard_SetInterface  usb_core.o
    0x080015b4   0x00000080   Code   RO         1602    i.Suspend           usb_pwr.o
    0x08001634   0x00000018   Code   RO          432    i.SysTick_CLKSourceConfig  misc.o
    0x0800164c   0x00000002   Code   RO          186    i.SysTick_Handler   stm32f10x_it.o
    0x0800164e   0x00000002   PAD
    0x08001650   0x00000050   Code   RO          270    i.SystemInit        system_stm32f10x.o
    0x080016a0   0x00000020   Code   RO         1239    i.TransportProtocol_Init  protocol.o
    0x080016c0   0x0000006c   Code   RO         1240    i.TransportProtocol_Packed  protocol.o
    0x0800172c   0x00000088   Code   RO         1241    i.TransportProtocol_Unpacked  protocol.o
    0x080017b4   0x00000020   Code   RO         1272    i.USART_Config      hw_config.o
    0x080017d4   0x00000008   Code   RO         1273    i.USBWakeUp_IRQHandler  hw_config.o
    0x080017dc   0x00000002   Code   RO         1274    i.USB_Cable_Config  hw_config.o
    0x080017de   0x00000002   PAD
    0x080017e0   0x00000028   Code   RO         1762    i.USB_Init          usb_init.o
    0x08001808   0x0000004c   Code   RO         1275    i.USB_Interrupts_Config  hw_config.o
    0x08001854   0x0000014c   Code   RO         1475    i.USB_Istr          usb_istr.o
    0x080019a0   0x00000004   Code   RO         1276    i.USB_LP_CAN1_RX0_IRQHandler  hw_config.o
    0x080019a4   0x0000004c   Code   RO         1277    i.USB_Port_Set      hw_config.o
    0x080019f0   0x00000020   Code   RO         2196    i.USB_SIL_Init      usb_sil.o
    0x08001a10   0x00000024   Code   RO         2197    i.USB_SIL_Read      usb_sil.o
    0x08001a34   0x00000048   Code   RO         1278    i.USB_To_USART_Send_Data  hw_config.o
    0x08001a7c   0x00000028   Code   RO         1279    i.USB_USART_SendData  hw_config.o
    0x08001aa4   0x00000002   Code   RO          187    i.UsageFault_Handler  stm32f10x_it.o
    0x08001aa6   0x00000002   PAD
    0x08001aa8   0x00000028   Code   RO         1819    i.UserToPMABufferCopy  usb_mem.o
    0x08001ad0   0x00000054   Code   RO         1495    i.Virtual_Com_Port_Data_Setup  usb_prop.o
    0x08001b24   0x0000000c   Code   RO         1496    i.Virtual_Com_Port_GetConfigDescriptor  usb_prop.o
    0x08001b30   0x0000000c   Code   RO         1497    i.Virtual_Com_Port_GetDeviceDescriptor  usb_prop.o
    0x08001b3c   0x0000001c   Code   RO         1498    i.Virtual_Com_Port_GetLineCoding  usb_prop.o
    0x08001b58   0x00000020   Code   RO         1499    i.Virtual_Com_Port_GetStringDescriptor  usb_prop.o
    0x08001b78   0x0000000e   Code   RO         1500    i.Virtual_Com_Port_Get_Interface_Setting  usb_prop.o
    0x08001b86   0x00000002   PAD
    0x08001b88   0x00000024   Code   RO         1501    i.Virtual_Com_Port_NoData_Setup  usb_prop.o
    0x08001bac   0x000000e0   Code   RO         1502    i.Virtual_Com_Port_Reset  usb_prop.o
    0x08001c8c   0x00000018   Code   RO         1503    i.Virtual_Com_Port_SetConfiguration  usb_prop.o
    0x08001ca4   0x0000000c   Code   RO         1504    i.Virtual_Com_Port_SetDeviceAddress  usb_prop.o
    0x08001cb0   0x0000001c   Code   RO         1505    i.Virtual_Com_Port_SetLineCoding  usb_prop.o
    0x08001ccc   0x00000018   Code   RO         1506    i.Virtual_Com_Port_Status_In  usb_prop.o
    0x08001ce4   0x00000002   Code   RO         1507    i.Virtual_Com_Port_Status_Out  usb_prop.o
    0x08001ce6   0x00000002   PAD
    0x08001ce8   0x00000024   Code   RO         1508    i.Virtual_Com_Port_init  usb_prop.o
    0x08001d0c   0x0000000e   Code   RO         2303    i.__scatterload_copy  mc_w.l(handlers.o)
    0x08001d1a   0x00000002   Code   RO         2304    i.__scatterload_null  mc_w.l(handlers.o)
    0x08001d1c   0x0000000e   Code   RO         2305    i.__scatterload_zeroinit  mc_w.l(handlers.o)
    0x08001d2a   0x00000002   PAD
    0x08001d2c   0x0000003c   Code   RO          305    i.delay_init        delay.o
    0x08001d68   0x00000034   Code   RO          306    i.delay_ms          delay.o
    0x08001d9c   0x00000044   Code   RO         1184    i.iap_load_app      iap.o
    0x08001de0   0x00000060   Code   RO         1185    i.iap_write_appbin  iap.o
    0x08001e40   0x00000044   Code   RO            5    i.isUpgradeFirmware  main.o
    0x08001e84   0x00000050   Code   RO          371    i.keyInit           key.o
    0x08001ed4   0x00000050   Code   RO          359    i.ledInit           led.o
    0x08001f24   0x00000140   Code   RO            6    i.main              main.o
    0x08002064   0x00000024   Code   RO         1281    i.usb_vcp_init      hw_config.o
    0x08002088   0x0000001a   Code   RO         1282    i.usbsendData       hw_config.o
    0x080020a2   0x00000010   Data   RO            8    .constdata          main.o
    0x080020b2   0x00000012   Data   RO         1430    .constdata          usb_desc.o
    0x080020c4   0x00000043   Data   RO         1431    .constdata          usb_desc.o
    0x08002107   0x00000004   Data   RO         1432    .constdata          usb_desc.o
    0x0800210b   0x00000026   Data   RO         1433    .constdata          usb_desc.o
    0x08002131   0x00000032   Data   RO         1434    .constdata          usb_desc.o
    0x08002163   0x00000001   PAD
    0x08002164   0x00000020   Data   RO         2301    Region$$Table       anon$$obj.o


    Execution Region RW_IRAM1 (Base: 0x20000000, Size: 0x00002a48, Max: 0x00005000, ABSOLUTE, COMPRESSED[0x00000088])

    Base Addr    Size         Type   Attr      Idx    E Section Name        Object

    0x20000000   0x00000014   Data   RW          271    .data               system_stm32f10x.o
    0x20000014   0x00000004   Data   RW          308    .data               delay.o
    0x20000018   0x00000004   Data   RW         1187    .data               iap.o
    0x2000001c   0x0000001a   Data   RW         1435    .data               usb_desc.o
    0x20000036   0x00000002   PAD
    0x20000038   0x00000004   Data   RW         1451    .data               usb_endp.o
    0x2000003c   0x0000000c   Data   RW         1476    .data               usb_istr.o
    0x20000048   0x0000001c   Data   RW         1477    .data               usb_istr.o
    0x20000064   0x0000001c   Data   RW         1478    .data               usb_istr.o
    0x20000080   0x0000006c   Data   RW         1509    .data               usb_prop.o
    0x200000ec   0x00000002   Data   RW         1510    .data               usb_prop.o
    0x200000ee   0x00000002   PAD
    0x200000f0   0x00000024   Data   RW         1511    .data               usb_prop.o
    0x20000114   0x00000004   Data   RW         1604    .data               usb_pwr.o
    0x20000118   0x00000001   Data   RW         1605    .data               usb_pwr.o
    0x20000119   0x00000003   PAD
    0x2000011c   0x00000008   Data   RW         1606    .data               usb_pwr.o
    0x20000124   0x00000004   Data   RW         1662    .data               usb_core.o
    0x20000128   0x00000001   Data   RW         1764    .data               usb_init.o
    0x20000129   0x00000003   PAD
    0x2000012c   0x0000000c   Data   RW         1765    .data               usb_init.o
    0x20000138   0x00000002   Data   RW         1767    .data               usb_init.o
    0x2000013a   0x00000004   Data   RW         1790    .data               usb_int.o
    0x2000013e   0x00000002   PAD
    0x20000140   0x00000824   Zero   RW            7    .bss                main.o
    0x20000964   0x00000400   Zero   RW          388    .bss                stmflash.o
    0x20000d64   0x00000800   Zero   RW         1186    .bss                iap.o
    0x20001564   0x0000001c   Zero   RW         1242    .bss                protocol.o
    0x20001580   0x00001048   Zero   RW         1283    .bss                hw_config.o
    0x200025c8   0x00000040   Zero   RW         1450    .bss                usb_endp.o
    0x20002608   0x00000020   Zero   RW         1603    .bss                usb_pwr.o
    0x20002628   0x0000001c   Zero   RW         1763    .bss                usb_init.o
    0x20002644   0x00000004   PAD
    0x20002648   0x00000400   Zero   RW          297    STACK               startup_stm32f10x_md.o


==============================================================================

Image component sizes


      Code (inc. data)   RO Data    RW Data    ZI Data      Debug   Object Name

        24          0          0          0          0        871   check.o
       112         20          0          4          0       1200   delay.o
       538         46          0          0       4168      13605   hw_config.o
       164         12          0          4       2048       2124   iap.o
        80         14          0          0          0        502   key.o
        80          8          0          0          0        506   led.o
       512         70         16          0       2084     229755   main.o
       124          6          0          0          0       1578   misc.o
       276         24          0          0         28       3469   protocol.o
        36          8        236          0       1024        828   startup_stm32f10x_md.o
       124         10          0          0          0       1577   stm32f10x_exti.o
       226         30          0          0          0       5275   stm32f10x_flash.o
       262          6          0          0          0       4025   stm32f10x_gpio.o
        18          0          0          0          0       3686   stm32f10x_it.o
        60         16          0          0          0       1689   stm32f10x_rcc.o
       254          4          0          0       1024       3225   stmflash.o
         6          0          0          0          0        344   sys.o
       248         24          0         20          0       1729   system_stm32f10x.o
      2186        284          0          4          0      15235   usb_core.o
         0          0        177         26          0       1083   usb_desc.o
       192         18          0          4         64       2312   usb_endp.o
        40         18          0         15         28       4154   usb_init.o
       344         30          0          4          0       1716   usb_int.o
       332         24          0         68          0       1651   usb_istr.o
        72         10          0          0          0       1876   usb_mem.o
       568        102          0        146          0      11481   usb_prop.o
       352         42          0         13         32       3764   usb_pwr.o
       582        100          0          0          0       9957   usb_regs.o
        68          8          0          0          0       1526   usb_sil.o

    ----------------------------------------------------------------------
      7908        934        462        320      10504     330743   Object Totals
         0          0         32          0          0          0   (incl. Generated)
        28          0          1         12          4          0   (incl. Padding)

    ----------------------------------------------------------------------

      Code (inc. data)   RO Data    RW Data    ZI Data      Debug   Library Member Name

        86          0          0          0          0          0   __dczerorl2.o
         0          0          0          0          0          0   entry.o
         0          0          0          0          0          0   entry10a.o
         0          0          0          0          0          0   entry11a.o
         8          4          0          0          0          0   entry2.o
         4          0          0          0          0          0   entry5.o
         0          0          0          0          0          0   entry7b.o
         0          0          0          0          0          0   entry8b.o
         8          4          0          0          0          0   entry9a.o
        30          0          0          0          0          0   handlers.o
        36          8          0          0          0         68   init.o
        36          0          0          0          0         68   memcpya.o

    ----------------------------------------------------------------------
       210         16          0          0          0        136   Library Totals
         2          0          0          0          0          0   (incl. Padding)

    ----------------------------------------------------------------------

      Code (inc. data)   RO Data    RW Data    ZI Data      Debug   Library Name

       208         16          0          0          0        136   mc_w.l

    ----------------------------------------------------------------------
       210         16          0          0          0        136   Library Totals

    ----------------------------------------------------------------------

==============================================================================


      Code (inc. data)   RO Data    RW Data    ZI Data      Debug   

      8118        950        462        320      10504     324819   Grand Totals
      8118        950        462        136      10504     324819   ELF Image Totals (compressed)
      8118        950        462        136          0          0   ROM Totals

==============================================================================

    Total RO  Size (Code + RO Data)                 8580 (   8.38kB)
    Total RW  Size (RW Data + ZI Data)             10824 (  10.57kB)
    Total ROM Size (Code + RO Data + RW Data)       8716 (   8.51kB)

==============================================================================

